    Updating crates.io index
 Downloading crates ...
  Downloaded memmap2 v0.9.10
  Downloaded uuid v1.22.0
  Downloaded itoa v1.0.17
  Downloaded sonic-simd v0.1.3
  Downloaded anstyle v1.0.13
  Downloaded sonic-number v0.1.1
  Downloaded clap v4.6.0
  Downloaded tinyvec v1.10.0
  Downloaded zerocopy-derive v0.8.42
  Downloaded cc v1.2.57
  Downloaded sonic-rs v0.5.7
  Downloaded zerocopy v0.8.42
   Compiling proc-macro2 v1.0.106
   Compiling unicode-ident v1.0.24
   Compiling quote v1.0.45
   Compiling cfg-if v1.0.4
   Compiling serde_core v1.0.228
   Compiling autocfg v1.5.0
   Compiling libc v0.2.183
   Compiling zerocopy v0.8.42
   Compiling crossbeam-utils v0.8.21
   Compiling serde v1.0.228
   Compiling itoa v1.0.17
   Compiling zmij v1.0.21
   Compiling either v1.15.0
   Compiling foldhash v0.2.0
   Compiling equivalent v1.0.2
   Compiling shlex v1.3.0
   Compiling rayon-core v1.13.0
   Compiling serde_json v1.0.149
   Compiling allocator-api2 v0.2.21
   Compiling version_check v0.9.5
   Compiling getrandom v0.3.4
   Compiling find-msvc-tools v0.1.9
   Compiling memchr v2.8.0
   Compiling cc v1.2.57
   Compiling simdutf8 v0.1.5
   Compiling ahash v0.8.12
   Compiling thiserror v2.0.18
   Compiling num-traits v0.2.19
   Compiling hashbrown v0.16.1
   Compiling ciborium-io v0.2.2
   Compiling ref-cast v1.0.25
   Compiling plotters-backend v0.3.7
   Compiling clap_lex v1.1.0
   Compiling regex-syntax v0.8.10
   Compiling anstyle v1.0.13
   Compiling once_cell v1.21.4
   Compiling clap_builder v4.6.0
   Compiling plotters-svg v0.3.7
   Compiling itertools v0.10.5
   Compiling halfbrown v0.4.0
   Compiling bytes v1.11.1
   Compiling cast v0.3.0
   Compiling ryu v1.0.23
   Compiling asmjson v0.2.6 (/private/tmp/asmjson-research)
   Compiling same-file v1.0.6
   Compiling walkdir v2.5.0
   Compiling sonic-simd v0.1.3
   Compiling regex-automata v0.4.14
   Compiling sonic-number v0.1.1
   Compiling oorandom v11.1.5
   Compiling anes v0.1.6
   Compiling bumpalo v3.20.2
   Compiling criterion-plot v0.5.0
   Compiling crossbeam-epoch v0.9.18
   Compiling crossbeam-deque v0.8.6
   Compiling syn v2.0.117
   Compiling clap v4.6.0
   Compiling is-terminal v0.4.17
   Compiling memmap2 v0.9.10
   Compiling rayon v1.11.0
   Compiling float-cmp v0.10.0
   Compiling plotters v0.3.7
   Compiling value-trait v0.12.1
   Compiling simd-json v0.17.0
   Compiling regex v1.12.3
   Compiling zerocopy-derive v0.8.42
   Compiling serde_derive v1.0.228
   Compiling thiserror-impl v2.0.18
   Compiling ref-cast-impl v1.0.25
   Compiling tinytemplate v1.2.1
   Compiling faststr v0.2.34
   Compiling half v2.7.1
   Compiling sonic-rs v0.5.7
   Compiling ciborium-ll v0.2.2
   Compiling ciborium v0.2.2
   Compiling criterion v0.5.1
warning: struct `LenSumWriter` is never constructed
  --> benches/parse.rs:16:8
   |
16 | struct LenSumWriter {
   |        ^^^^^^^^^^^^
   |
   = note: `#[warn(dead_code)]` (part of `#[warn(unused)]`) on by default

warning: associated function `new` is never used
  --> benches/parse.rs:21:8
   |
20 | impl LenSumWriter {
   | ----------------- associated function in this implementation
21 |     fn new() -> Self {
   |        ^^^

warning: `asmjson` (bench "parse") generated 2 warnings
    Finished `bench` profile [optimized + debuginfo] target(s) in 10.79s
     Running benches/parse.rs (target/release/deps/parse-9dfc779c00abb149)
Gnuplot not found, using plotters backend
Benchmarking string_array/asmjson/u64
Benchmarking string_array/asmjson/u64: Analyzing
string_array/asmjson/u64
                        time:   [2.9946 ms 3.0123 ms 3.0831 ms]
                        thrpt:  [3.1675 GiB/s 3.2419 GiB/s 3.2611 GiB/s]
Benchmarking string_array/simd-json
Benchmarking string_array/simd-json: Analyzing
string_array/simd-json  time:   [3.1722 ms 3.1840 ms 3.2313 ms]
                        thrpt:  [3.0222 GiB/s 3.0671 GiB/s 3.0786 GiB/s]
Benchmarking string_array/sonic-rs
Benchmarking string_array/sonic-rs: Analyzing
string_array/sonic-rs   time:   [1.7857 ms 1.7945 ms 1.8296 ms]
                        thrpt:  [5.3377 GiB/s 5.4420 GiB/s 5.4687 GiB/s]
Benchmarking string_array/serde_json
Benchmarking string_array/serde_json: Analyzing
string_array/serde_json time:   [3.9190 ms 3.9207 ms 3.9275 ms]
                        thrpt:  [2.4865 GiB/s 2.4908 GiB/s 2.4919 GiB/s]

Benchmarking string_object/asmjson/u64
Benchmarking string_object/asmjson/u64: Analyzing
string_object/asmjson/u64
                        time:   [3.9336 ms 3.9731 ms 4.1310 ms]
                        thrpt:  [2.2945 GiB/s 2.3857 GiB/s 2.4096 GiB/s]
Benchmarking string_object/simd-json
Benchmarking string_object/simd-json: Analyzing
string_object/simd-json time:   [5.7149 ms 5.7279 ms 5.7798 ms]
                        thrpt:  [1.6399 GiB/s 1.6548 GiB/s 1.6586 GiB/s]
Benchmarking string_object/sonic-rs
Benchmarking string_object/sonic-rs: Analyzing
string_object/sonic-rs  time:   [2.2531 ms 2.2618 ms 2.2964 ms]
                        thrpt:  [4.1275 GiB/s 4.1907 GiB/s 4.2069 GiB/s]
Benchmarking string_object/serde_json
Benchmarking string_object/serde_json: Analyzing
string_object/serde_json
                        time:   [15.912 ms 16.042 ms 16.563 ms]
                        thrpt:  [585.98 MiB/s 605.01 MiB/s 609.97 MiB/s]

Benchmarking mixed/asmjson/u64
Benchmarking mixed/asmjson/u64: Analyzing
mixed/asmjson/u64       time:   [12.370 ms 12.472 ms 12.880 ms]
                        thrpt:  [647.93 MiB/s 669.12 MiB/s 674.63 MiB/s]
Benchmarking mixed/simd-json
Benchmarking mixed/simd-json: Analyzing
mixed/simd-json         time:   [23.358 ms 23.507 ms 24.103 ms]
                        thrpt:  [346.22 MiB/s 355.01 MiB/s 357.28 MiB/s]
Benchmarking mixed/sonic-rs
Benchmarking mixed/sonic-rs: Analyzing
mixed/sonic-rs          time:   [17.980 ms 18.048 ms 18.322 ms]
                        thrpt:  [455.46 MiB/s 462.38 MiB/s 464.15 MiB/s]
Benchmarking mixed/serde_json
Benchmarking mixed/serde_json: Analyzing
mixed/serde_json        time:   [42.397 ms 42.699 ms 43.905 ms]
                        thrpt:  [190.08 MiB/s 195.44 MiB/s 196.83 MiB/s]

