PROBE_RESULT corpus=twitter corpus_bytes=631515 iters=400 mode=parse_only_track1 warmup_iters=0 elapsed_s=0.431939 ns_per_byte=1.709931 mbps=4678.553 cycles=729536698 instructions=1838602176 cycles_per_byte=2.888042 cpi=0.396789 user_ns=8676180 system_ns=188466 checksum=0
PROBE_RESULT corpus=twitter corpus_bytes=631515 iters=400 mode=parse_only_track2 warmup_iters=0 elapsed_s=1.174097 ns_per_byte=4.647940 mbps=1721.193 cycles=1066102078 instructions=2992357191 cycles_per_byte=4.220415 cpi=0.356275 user_ns=14543979 system_ns=539760 checksum=0
PROBE_RESULT corpus=twitter corpus_bytes=631515 iters=400 mode=parse_only_sonic warmup_iters=0 elapsed_s=0.482240 ns_per_byte=1.909058 mbps=4190.548 cycles=601813679 instructions=1888127039 cycles_per_byte=2.382420 cpi=0.318736 user_ns=9086696 system_ns=326318 checksum=0
PROBE_RESULT corpus=twitter corpus_bytes=631515 iters=400 mode=parse_only_serde warmup_iters=0 elapsed_s=2.958634 ns_per_byte=11.712446 mbps=683.034 cycles=3035171205 instructions=10312531153 cycles_per_byte=12.015436 cpi=0.294319 user_ns=51774807 system_ns=1646957 checksum=0
PROBE_RESULT corpus=github_events corpus_bytes=65132 iters=400 mode=parse_only_track1 warmup_iters=0 elapsed_s=0.054798 ns_per_byte=2.103362 mbps=3803.435 cycles=70188121 instructions=180537009 cycles_per_byte=2.694072 cpi=0.388774 user_ns=1233605 system_ns=21706 checksum=0
PROBE_RESULT corpus=github_events corpus_bytes=65132 iters=400 mode=parse_only_track2 warmup_iters=0 elapsed_s=0.079915 ns_per_byte=3.067436 mbps=2608.042 cycles=99668065 instructions=297198830 cycles_per_byte=3.825618 cpi=0.335358 user_ns=1732685 system_ns=50203 checksum=0
PROBE_RESULT corpus=github_events corpus_bytes=65132 iters=400 mode=parse_only_sonic warmup_iters=0 elapsed_s=0.049143 ns_per_byte=1.886298 mbps=4241.112 cycles=56136125 instructions=169904331 cycles_per_byte=2.154706 cpi=0.330398 user_ns=972910 system_ns=30638 checksum=0
PROBE_RESULT corpus=github_events corpus_bytes=65132 iters=400 mode=parse_only_serde warmup_iters=0 elapsed_s=0.201518 ns_per_byte=7.734975 mbps=1034.263 cycles=251937019 instructions=971538091 cycles_per_byte=9.670247 cpi=0.259318 user_ns=4436110 system_ns=70721 checksum=0
PROBE_RESULT corpus=update_center corpus_bytes=533178 iters=400 mode=parse_only_track1 warmup_iters=0 elapsed_s=0.755846 ns_per_byte=3.544060 mbps=2257.298 cycles=763950043 instructions=1724336897 cycles_per_byte=3.582059 cpi=0.443040 user_ns=12972433 system_ns=278239 checksum=0
PROBE_RESULT corpus=update_center corpus_bytes=533178 iters=400 mode=parse_only_track2 warmup_iters=0 elapsed_s=0.990337 ns_per_byte=4.643558 mbps=1722.817 cycles=1179807573 instructions=3247553849 cycles_per_byte=5.531959 cpi=0.363291 user_ns=20668308 system_ns=430158 checksum=0
PROBE_RESULT corpus=update_center corpus_bytes=533178 iters=400 mode=parse_only_sonic warmup_iters=0 elapsed_s=0.535701 ns_per_byte=2.511828 mbps=3184.931 cycles=519852070 instructions=1435890068 cycles_per_byte=2.437517 cpi=0.362042 user_ns=6285799 system_ns=145430 checksum=0
PROBE_RESULT corpus=update_center corpus_bytes=533178 iters=400 mode=parse_only_serde warmup_iters=0 elapsed_s=2.649638 ns_per_byte=12.423795 mbps=643.926 cycles=3495769589 instructions=12361900925 cycles_per_byte=16.391194 cpi=0.282786 user_ns=53512117 system_ns=1093218 checksum=0
PROBE_RESULT corpus=random corpus_bytes=510476 iters=400 mode=parse_only_track1 warmup_iters=0 elapsed_s=0.713958 ns_per_byte=3.496531 mbps=2287.982 cycles=861980568 instructions=2378438090 cycles_per_byte=4.221455 cpi=0.362415 user_ns=14982940 system_ns=286461 checksum=0
PROBE_RESULT corpus=random corpus_bytes=510476 iters=400 mode=parse_only_track2 warmup_iters=0 elapsed_s=1.142507 ns_per_byte=5.595303 mbps=1429.771 cycles=1318147903 instructions=4128525005 cycles_per_byte=6.455484 cpi=0.319278 user_ns=22962154 system_ns=597180 checksum=0
PROBE_RESULT corpus=random corpus_bytes=510476 iters=400 mode=parse_only_sonic warmup_iters=0 elapsed_s=0.662637 ns_per_byte=3.245194 mbps=2465.184 cycles=696410447 instructions=2435929273 cycles_per_byte=3.410593 cpi=0.285891 user_ns=12067036 system_ns=382696 checksum=0
PROBE_RESULT corpus=random corpus_bytes=510476 iters=400 mode=parse_only_serde warmup_iters=0 elapsed_s=3.215682 ns_per_byte=15.748448 mbps=507.987 cycles=3718603730 instructions=15934167789 cycles_per_byte=18.211452 cpi=0.233373 user_ns=58876968 system_ns=1232750 checksum=0
PROBE_RESULT corpus=gsoc-2018 corpus_bytes=3327831 iters=400 mode=parse_only_track1 warmup_iters=0 elapsed_s=2.185103 ns_per_byte=1.641537 mbps=4873.482 cycles=2469292754 instructions=6941362648 cycles_per_byte=1.855032 cpi=0.355736 user_ns=42540004 system_ns=1017310 checksum=0
PROBE_RESULT corpus=gsoc-2018 corpus_bytes=3327831 iters=400 mode=parse_only_track2 warmup_iters=0 elapsed_s=2.605227 ns_per_byte=1.957151 mbps=4087.574 cycles=3055834827 instructions=9315540990 cycles_per_byte=2.295666 cpi=0.328036 user_ns=52151183 system_ns=1391380 checksum=0
PROBE_RESULT corpus=gsoc-2018 corpus_bytes=3327831 iters=400 mode=parse_only_sonic warmup_iters=0 elapsed_s=1.286327 ns_per_byte=0.966341 mbps=8278.655 cycles=1474106976 instructions=4319751297 cycles_per_byte=1.107408 cpi=0.341248 user_ns=25109906 system_ns=566958 checksum=0
PROBE_RESULT corpus=gsoc-2018 corpus_bytes=3327831 iters=400 mode=parse_only_serde warmup_iters=0 elapsed_s=3.363988 ns_per_byte=2.527163 mbps=3165.605 cycles=5605918030 instructions=19611819595 cycles_per_byte=4.211390 cpi=0.285844 user_ns=68430590 system_ns=1120453 checksum=0
PROBE_RESULT corpus=distinct_values corpus_bytes=153630 iters=400 mode=parse_only_track1 warmup_iters=0 elapsed_s=0.264251 ns_per_byte=4.300113 mbps=1860.416 cycles=325664451 instructions=640787082 cycles_per_byte=5.299493 cpi=0.508226 user_ns=4864871 system_ns=130103 checksum=0
PROBE_RESULT corpus=distinct_values corpus_bytes=153630 iters=400 mode=parse_only_track2 warmup_iters=0 elapsed_s=0.371704 ns_per_byte=6.048684 mbps=1322.602 cycles=443188736 instructions=1252493772 cycles_per_byte=7.211950 cpi=0.353845 user_ns=7762617 system_ns=160181 checksum=0
PROBE_RESULT corpus=distinct_values corpus_bytes=153630 iters=400 mode=parse_only_sonic warmup_iters=0 elapsed_s=0.148117 ns_per_byte=2.410290 mbps=3319.102 cycles=174196947 instructions=556661437 cycles_per_byte=2.834683 cpi=0.312932 user_ns=3046527 system_ns=66045 checksum=0
PROBE_RESULT corpus=distinct_values corpus_bytes=153630 iters=400 mode=parse_only_serde warmup_iters=0 elapsed_s=1.022042 ns_per_byte=16.631557 mbps=481.013 cycles=1058324767 instructions=4354885216 cycles_per_byte=17.221974 cpi=0.243020 user_ns=17747561 system_ns=625436 checksum=0
PROBE_RESULT corpus=canada corpus_bytes=2251051 iters=400 mode=parse_only_track1 warmup_iters=0 elapsed_s=1.890710 ns_per_byte=2.099809 mbps=3809.871 cycles=2125148696 instructions=12626264168 cycles_per_byte=2.360174 cpi=0.168312 user_ns=36606008 system_ns=959039 checksum=0
PROBE_RESULT corpus=canada corpus_bytes=2251051 iters=400 mode=parse_only_track2 warmup_iters=0 elapsed_s=2.021692 ns_per_byte=2.245275 mbps=3563.038 cycles=3941135225 instructions=16354079333 cycles_per_byte=4.376995 cpi=0.240988 user_ns=43604848 system_ns=558818 checksum=0
PROBE_RESULT corpus=canada corpus_bytes=2251051 iters=400 mode=parse_only_sonic warmup_iters=0 elapsed_s=1.197908 ns_per_byte=1.330388 mbps=6013.284 cycles=2442498845 instructions=10616456567 cycles_per_byte=2.712621 cpi=0.230067 user_ns=24687389 system_ns=280235 checksum=0
PROBE_RESULT corpus=canada corpus_bytes=2251051 iters=400 mode=parse_only_serde warmup_iters=0 elapsed_s=3.447956 ns_per_byte=3.829274 mbps=2089.169 cycles=8441041001 instructions=37013093427 cycles_per_byte=9.374555 cpi=0.228056 user_ns=78981675 system_ns=1021524 checksum=0
PROBE_RESULT corpus=instruments corpus_bytes=220346 iters=400 mode=parse_only_track1 warmup_iters=0 elapsed_s=0.095550 ns_per_byte=1.084086 mbps=7379.487 cycles=245175190 instructions=786057899 cycles_per_byte=2.781707 cpi=0.311905 user_ns=2221793 system_ns=14700 checksum=0
PROBE_RESULT corpus=instruments corpus_bytes=220346 iters=400 mode=parse_only_track2 warmup_iters=0 elapsed_s=0.147424 ns_per_byte=1.672640 mbps=4782.858 cycles=372065701 instructions=1212619114 cycles_per_byte=4.221380 cpi=0.306828 user_ns=3356120 system_ns=26858 checksum=0
PROBE_RESULT corpus=instruments corpus_bytes=220346 iters=400 mode=parse_only_sonic warmup_iters=0 elapsed_s=0.095604 ns_per_byte=1.084700 mbps=7375.309 cycles=236208058 instructions=939441871 cycles_per_byte=2.679968 cpi=0.251434 user_ns=2093114 system_ns=49515 checksum=0
PROBE_RESULT corpus=instruments corpus_bytes=220346 iters=400 mode=parse_only_serde warmup_iters=0 elapsed_s=0.466116 ns_per_byte=5.288450 mbps=1512.731 cycles=1090058890 instructions=4575335579 cycles_per_byte=12.367582 cpi=0.238247 user_ns=10572507 system_ns=120945 checksum=0
PROBE_RESULT corpus=apache_builds corpus_bytes=127275 iters=400 mode=parse_only_track1 warmup_iters=0 elapsed_s=0.059560 ns_per_byte=1.169900 mbps=6838.189 cycles=137764761 instructions=386737516 cycles_per_byte=2.706045 cpi=0.356223 user_ns=1389643 system_ns=12832 checksum=0
PROBE_RESULT corpus=apache_builds corpus_bytes=127275 iters=400 mode=parse_only_track2 warmup_iters=0 elapsed_s=0.081370 ns_per_byte=1.598318 mbps=5005.261 cycles=210778428 instructions=656925580 cycles_per_byte=4.140217 cpi=0.320856 user_ns=1894265 system_ns=17961 checksum=0
PROBE_RESULT corpus=apache_builds corpus_bytes=127275 iters=400 mode=parse_only_sonic warmup_iters=0 elapsed_s=0.053480 ns_per_byte=1.050472 mbps=7615.622 cycles=139308273 instructions=450846779 cycles_per_byte=2.736364 cpi=0.308992 user_ns=1236222 system_ns=29262 checksum=0
PROBE_RESULT corpus=apache_builds corpus_bytes=127275 iters=400 mode=parse_only_serde warmup_iters=0 elapsed_s=0.223444 ns_per_byte=4.388999 mbps=1822.739 cycles=543179062 instructions=2369276150 cycles_per_byte=10.669398 cpi=0.229259 user_ns=4970023 system_ns=51240 checksum=0
PROBE_RESULT corpus=citm_catalog corpus_bytes=1727204 iters=400 mode=parse_only_track1 warmup_iters=0 elapsed_s=0.502903 ns_per_byte=0.727915 mbps=10990.301 cycles=1118240070 instructions=4029856913 cycles_per_byte=1.618570 cpi=0.277489 user_ns=10419190 system_ns=106434 checksum=0
PROBE_RESULT corpus=citm_catalog corpus_bytes=1727204 iters=400 mode=parse_only_track2 warmup_iters=0 elapsed_s=0.778196 ns_per_byte=1.126381 mbps=7102.395 cycles=1836752073 instructions=6029819762 cycles_per_byte=2.658563 cpi=0.304611 user_ns=16899837 system_ns=176915 checksum=0
PROBE_RESULT corpus=citm_catalog corpus_bytes=1727204 iters=400 mode=parse_only_sonic warmup_iters=0 elapsed_s=0.456734 ns_per_byte=0.661089 mbps=12101.253 cycles=1164909418 instructions=4485338553 cycles_per_byte=1.686120 cpi=0.259715 user_ns=10514998 system_ns=94059 checksum=0
PROBE_RESULT corpus=citm_catalog corpus_bytes=1727204 iters=400 mode=parse_only_serde warmup_iters=0 elapsed_s=2.189283 ns_per_byte=3.168826 mbps=2524.594 cycles=5589753979 instructions=24325905314 cycles_per_byte=8.090755 cpi=0.229786 user_ns=50965536 system_ns=457042 checksum=0
