PROBE_RESULT corpus=twitter corpus_bytes=631515 iters=400 mode=parse_only_track1 warmup_iters=0 elapsed_s=0.156692 ns_per_byte=0.620300 mbps=12896.985 cycles=661052883 instructions=1827202631 cycles_per_byte=2.616933 cpi=0.361784 user_ns=3712828 system_ns=21558 checksum=0
PROBE_RESULT corpus=twitter corpus_bytes=631515 iters=400 mode=parse_only_track2 warmup_iters=0 elapsed_s=0.218061 ns_per_byte=0.863245 mbps=9267.361 cycles=918207888 instructions=2959230674 cycles_per_byte=3.634941 cpi=0.310286 user_ns=5148304 system_ns=38428 checksum=0
PROBE_RESULT corpus=twitter corpus_bytes=631515 iters=400 mode=parse_only_sonic warmup_iters=0 elapsed_s=0.132881 ns_per_byte=0.526040 mbps=15207.958 cycles=541607008 instructions=1875749599 cycles_per_byte=2.144078 cpi=0.288742 user_ns=3019102 system_ns=52053 checksum=0
PROBE_RESULT corpus=twitter corpus_bytes=631515 iters=400 mode=parse_only_serde warmup_iters=0 elapsed_s=0.496831 ns_per_byte=1.966823 mbps=4067.473 cycles=2077862385 instructions=10213783459 cycles_per_byte=8.225705 cpi=0.203437 user_ns=11675790 system_ns=104183 checksum=0
PROBE_RESULT corpus=apache_builds corpus_bytes=127275 iters=400 mode=parse_only_track1 warmup_iters=0 elapsed_s=0.030877 ns_per_byte=0.606504 mbps=13190.347 cycles=129093286 instructions=386722253 cycles_per_byte=2.535716 cpi=0.333814 user_ns=725216 system_ns=5818 checksum=0
PROBE_RESULT corpus=apache_builds corpus_bytes=127275 iters=400 mode=parse_only_track2 warmup_iters=0 elapsed_s=0.045237 ns_per_byte=0.888564 mbps=9003.291 cycles=189519667 instructions=656823011 cycles_per_byte=3.722641 cpi=0.288540 user_ns=1065114 system_ns=9339 checksum=0
PROBE_RESULT corpus=apache_builds corpus_bytes=127275 iters=400 mode=parse_only_sonic warmup_iters=0 elapsed_s=0.031387 ns_per_byte=0.616527 mbps=12975.918 cycles=131471794 instructions=450275746 cycles_per_byte=2.582436 cpi=0.291981 user_ns=739196 system_ns=5593 checksum=0
PROBE_RESULT corpus=apache_builds corpus_bytes=127275 iters=400 mode=parse_only_serde warmup_iters=0 elapsed_s=0.103752 ns_per_byte=2.037955 mbps=3925.504 cycles=437091446 instructions=2362845176 cycles_per_byte=8.585572 cpi=0.184985 user_ns=2458669 system_ns=14202 checksum=0
PROBE_RESULT corpus=github_events corpus_bytes=65132 iters=400 mode=parse_only_track1 warmup_iters=0 elapsed_s=0.015102 ns_per_byte=0.579650 mbps=13801.437 cycles=63071877 instructions=179944269 cycles_per_byte=2.420925 cpi=0.350508 user_ns=353003 system_ns=4120 checksum=0
PROBE_RESULT corpus=github_events corpus_bytes=65132 iters=400 mode=parse_only_track2 warmup_iters=0 elapsed_s=0.020776 ns_per_byte=0.797465 mbps=10031.783 cycles=86991330 instructions=295487915 cycles_per_byte=3.339040 cpi=0.294399 user_ns=488993 system_ns=4442 checksum=0
PROBE_RESULT corpus=github_events corpus_bytes=65132 iters=400 mode=parse_only_sonic warmup_iters=0 elapsed_s=0.012298 ns_per_byte=0.472029 mbps=16948.127 cycles=50959056 instructions=168849428 cycles_per_byte=1.955992 cpi=0.301802 user_ns=286383 system_ns=2989 checksum=0
PROBE_RESULT corpus=github_events corpus_bytes=65132 iters=400 mode=parse_only_serde warmup_iters=0 elapsed_s=0.044869 ns_per_byte=1.722219 mbps=4645.170 cycles=183389904 instructions=967335945 cycles_per_byte=7.039163 cpi=0.189582 user_ns=1041891 system_ns=12148 checksum=0
PROBE_RESULT corpus=update_center corpus_bytes=533178 iters=400 mode=parse_only_track1 warmup_iters=0 elapsed_s=0.165204 ns_per_byte=0.774617 mbps=10327.679 cycles=691669053 instructions=1713146964 cycles_per_byte=3.243143 cpi=0.403742 user_ns=3898757 system_ns=28435 checksum=0
PROBE_RESULT corpus=update_center corpus_bytes=533178 iters=400 mode=parse_only_track2 warmup_iters=0 elapsed_s=0.242812 ns_per_byte=1.138514 mbps=7026.706 cycles=1025029427 instructions=3228829961 cycles_per_byte=4.806225 cpi=0.317462 user_ns=5752574 system_ns=35972 checksum=0
PROBE_RESULT corpus=update_center corpus_bytes=533178 iters=400 mode=parse_only_sonic warmup_iters=0 elapsed_s=0.115855 ns_per_byte=0.543229 mbps=14726.746 cycles=490675346 instructions=1427534522 cycles_per_byte=2.300711 cpi=0.343722 user_ns=2755444 system_ns=13434 checksum=0
PROBE_RESULT corpus=update_center corpus_bytes=533178 iters=400 mode=parse_only_serde warmup_iters=0 elapsed_s=0.584473 ns_per_byte=2.740516 mbps=2919.159 cycles=2465500270 instructions=12285652018 cycles_per_byte=11.560399 cpi=0.200681 user_ns=13818373 system_ns=98662 checksum=0
PROBE_RESULT corpus=random corpus_bytes=510476 iters=400 mode=parse_only_track1 warmup_iters=0 elapsed_s=0.196799 ns_per_byte=0.963801 mbps=8300.467 cycles=811978183 instructions=2373335871 cycles_per_byte=3.976574 cpi=0.342125 user_ns=4551834 system_ns=72648 checksum=0
PROBE_RESULT corpus=random corpus_bytes=510476 iters=400 mode=parse_only_track2 warmup_iters=0 elapsed_s=0.288975 ns_per_byte=1.415221 mbps=5652.827 cycles=1200352849 instructions=4107088279 cycles_per_byte=5.878596 cpi=0.292264 user_ns=6741346 system_ns=84108 checksum=0
PROBE_RESULT corpus=random corpus_bytes=510476 iters=400 mode=parse_only_sonic warmup_iters=0 elapsed_s=0.153980 ns_per_byte=0.754101 mbps=10608.654 cycles=639807005 instructions=2420567171 cycles_per_byte=3.133384 cpi=0.264321 user_ns=3595924 system_ns=45247 checksum=0
PROBE_RESULT corpus=random corpus_bytes=510476 iters=400 mode=parse_only_serde warmup_iters=0 elapsed_s=0.671453 ns_per_byte=3.288368 mbps=2432.817 cycles=2831966410 instructions=15848901198 cycles_per_byte=13.869244 cpi=0.178685 user_ns=15894126 system_ns=105649 checksum=0
PROBE_RESULT corpus=gsoc-2018 corpus_bytes=3327831 iters=400 mode=parse_only_track1 warmup_iters=0 elapsed_s=0.468389 ns_per_byte=0.351872 mbps=22735.525 cycles=1973560939 instructions=6896544265 cycles_per_byte=1.482618 cpi=0.286167 user_ns=11088008 system_ns=70059 checksum=0
PROBE_RESULT corpus=gsoc-2018 corpus_bytes=3327831 iters=400 mode=parse_only_track2 warmup_iters=0 elapsed_s=0.572633 ns_per_byte=0.430185 mbps=18596.659 cycles=2419194490 instructions=9249106482 cycles_per_byte=1.817396 cpi=0.261560 user_ns=13566662 system_ns=83939 checksum=0
PROBE_RESULT corpus=gsoc-2018 corpus_bytes=3327831 iters=400 mode=parse_only_sonic warmup_iters=0 elapsed_s=0.292859 ns_per_byte=0.220007 mbps=36362.421 cycles=1234209113 instructions=4296483600 cycles_per_byte=0.927187 cpi=0.287260 user_ns=6920069 system_ns=51723 checksum=0
PROBE_RESULT corpus=gsoc-2018 corpus_bytes=3327831 iters=400 mode=parse_only_serde warmup_iters=0 elapsed_s=0.912907 ns_per_byte=0.685812 mbps=11664.997 cycles=3853935206 instructions=19436580665 cycles_per_byte=2.895231 cpi=0.198283 user_ns=21602053 system_ns=144407 checksum=0
PROBE_RESULT corpus=distinct_values corpus_bytes=153630 iters=400 mode=parse_only_track1 warmup_iters=0 elapsed_s=0.073197 ns_per_byte=1.191121 mbps=6716.364 cycles=307256319 instructions=634559511 cycles_per_byte=4.999940 cpi=0.484204 user_ns=1721599 system_ns=13022 checksum=0
PROBE_RESULT corpus=distinct_values corpus_bytes=153630 iters=400 mode=parse_only_track2 warmup_iters=0 elapsed_s=0.099464 ns_per_byte=1.618568 mbps=4942.640 cycles=418461402 instructions=1246707430 cycles_per_byte=6.809565 cpi=0.335653 user_ns=2344661 system_ns=19310 checksum=0
PROBE_RESULT corpus=distinct_values corpus_bytes=153630 iters=400 mode=parse_only_sonic warmup_iters=0 elapsed_s=0.040774 ns_per_byte=0.663516 mbps=12056.984 cycles=172157382 instructions=553791128 cycles_per_byte=2.801494 cpi=0.310871 user_ns=964494 system_ns=6377 checksum=0
PROBE_RESULT corpus=distinct_values corpus_bytes=153630 iters=400 mode=parse_only_serde warmup_iters=0 elapsed_s=0.181245 ns_per_byte=2.949370 mbps=2712.443 cycles=761989492 instructions=4316312768 cycles_per_byte=12.399751 cpi=0.176537 user_ns=4266208 system_ns=33952 checksum=0
PROBE_RESULT corpus=apache_builds corpus_bytes=127275 iters=4000 mode=parse_only_track1 warmup_iters=0 elapsed_s=0.310206 ns_per_byte=0.609323 mbps=13129.331 cycles=1291327770 instructions=3867972537 cycles_per_byte=2.536491 cpi=0.333851 user_ns=7265545 system_ns=71523 checksum=0
PROBE_RESULT corpus=apache_builds corpus_bytes=127275 iters=4000 mode=parse_only_track2 warmup_iters=0 elapsed_s=0.449246 ns_per_byte=0.882432 mbps=9065.855 cycles=1889901807 instructions=6564956982 cycles_per_byte=3.712241 cpi=0.287877 user_ns=10584761 system_ns=77928 checksum=0
PROBE_RESULT corpus=apache_builds corpus_bytes=127275 iters=4000 mode=parse_only_sonic warmup_iters=0 elapsed_s=0.314461 ns_per_byte=0.617681 mbps=12951.668 cycles=1319145393 instructions=4502906466 cycles_per_byte=2.591132 cpi=0.292954 user_ns=7405561 system_ns=59872 checksum=0
PROBE_RESULT corpus=apache_builds corpus_bytes=127275 iters=4000 mode=parse_only_serde warmup_iters=0 elapsed_s=1.027378 ns_per_byte=2.018028 mbps=3964.266 cycles=4319666775 instructions=23671537066 cycles_per_byte=8.484908 cpi=0.182484 user_ns=24231705 system_ns=188269 checksum=0
PROBE_RESULT corpus=apache_builds corpus_bytes=127275 iters=4000 mode=parse_only_track1 warmup_iters=0 elapsed_s=0.306569 ns_per_byte=0.602178 mbps=13285.106 cycles=1291739805 instructions=3865324614 cycles_per_byte=2.537301 cpi=0.334187 user_ns=7234127 system_ns=54729 checksum=0
PROBE_RESULT corpus=apache_builds corpus_bytes=127275 iters=4000 mode=parse_only_track2 warmup_iters=0 elapsed_s=0.449514 ns_per_byte=0.882958 mbps=9060.452 cycles=1890531990 instructions=6566068719 cycles_per_byte=3.713479 cpi=0.287924 user_ns=10583929 system_ns=82109 checksum=0
PROBE_RESULT corpus=apache_builds corpus_bytes=127275 iters=4000 mode=parse_only_sonic warmup_iters=0 elapsed_s=0.313109 ns_per_byte=0.615024 mbps=13007.626 cycles=1320525698 instructions=4502059719 cycles_per_byte=2.593843 cpi=0.293316 user_ns=7397076 system_ns=52936 checksum=0
PROBE_RESULT corpus=apache_builds corpus_bytes=127275 iters=4000 mode=parse_only_serde warmup_iters=0 elapsed_s=1.042234 ns_per_byte=2.047208 mbps=3907.761 cycles=4365719560 instructions=23632003581 cycles_per_byte=8.575367 cpi=0.184738 user_ns=24458552 system_ns=241519 checksum=0
PROBE_RESULT corpus=apache_builds corpus_bytes=127275 iters=4000 mode=parse_only_track1 warmup_iters=0 elapsed_s=0.306099 ns_per_byte=0.601255 mbps=13305.497 cycles=1286066390 instructions=3866440452 cycles_per_byte=2.526157 cpi=0.332623 user_ns=7196898 system_ns=64801 checksum=0
PROBE_RESULT corpus=apache_builds corpus_bytes=127275 iters=4000 mode=parse_only_track2 warmup_iters=0 elapsed_s=0.451553 ns_per_byte=0.886964 mbps=9019.537 cycles=1893966910 instructions=6567790283 cycles_per_byte=3.720226 cpi=0.288372 user_ns=10601008 system_ns=97375 checksum=0
PROBE_RESULT corpus=apache_builds corpus_bytes=127275 iters=4000 mode=parse_only_sonic warmup_iters=0 elapsed_s=0.316490 ns_per_byte=0.621665 mbps=12868.672 cycles=1321898405 instructions=4504941202 cycles_per_byte=2.596540 cpi=0.293433 user_ns=7417255 system_ns=74416 checksum=0
PROBE_RESULT corpus=apache_builds corpus_bytes=127275 iters=4000 mode=parse_only_serde warmup_iters=0 elapsed_s=1.035347 ns_per_byte=2.033681 mbps=3933.754 cycles=4320331465 instructions=23635847654 cycles_per_byte=8.486214 cpi=0.182787 user_ns=24186244 system_ns=262548 checksum=0
