PROBE_RESULT corpus=twitter corpus_bytes=631515 iters=400 mode=parse_only_track1 warmup_iters=0 elapsed_s=0.505632 ns_per_byte=2.001663 mbps=3996.677 cycles=1041628480 instructions=4266212743 cycles_per_byte=4.123530 cpi=0.244158 user_ns=9424146 system_ns=199488 checksum=0
PROBE_RESULT corpus=twitter corpus_bytes=631515 iters=400 mode=parse_only_track2 warmup_iters=0 elapsed_s=0.433242 ns_per_byte=1.715090 mbps=4664.479 cycles=1013507551 instructions=2967116267 cycles_per_byte=4.012207 cpi=0.341580 user_ns=9111228 system_ns=158990 checksum=0
PROBE_RESULT corpus=twitter corpus_bytes=631515 iters=400 mode=parse_only_sonic warmup_iters=0 elapsed_s=0.329543 ns_per_byte=1.304574 mbps=6132.269 cycles=579554730 instructions=1877509608 cycles_per_byte=2.294303 cpi=0.308683 user_ns=5491713 system_ns=114468 checksum=0
PROBE_RESULT corpus=twitter corpus_bytes=631515 iters=400 mode=parse_only_serde warmup_iters=0 elapsed_s=1.285241 ns_per_byte=5.087928 mbps=1572.349 cycles=2937520722 instructions=10263606970 cycles_per_byte=11.628864 cpi=0.286207 user_ns=26319431 system_ns=478345 checksum=0
PROBE_RESULT corpus=github_events corpus_bytes=65132 iters=400 mode=parse_only_track1 warmup_iters=0 elapsed_s=0.036686 ns_per_byte=1.408123 mbps=5681.323 cycles=93477252 instructions=415522888 cycles_per_byte=3.587993 cpi=0.224963 user_ns=845173 system_ns=13964 checksum=0
PROBE_RESULT corpus=github_events corpus_bytes=65132 iters=400 mode=parse_only_track2 warmup_iters=0 elapsed_s=0.040646 ns_per_byte=1.560149 mbps=5127.715 cycles=99370389 instructions=296490603 cycles_per_byte=3.814192 cpi=0.335155 user_ns=879979 system_ns=24792 checksum=0
PROBE_RESULT corpus=github_events corpus_bytes=65132 iters=400 mode=parse_only_sonic warmup_iters=0 elapsed_s=0.021507 ns_per_byte=0.825501 mbps=9691.079 cycles=54334272 instructions=168850222 cycles_per_byte=2.085544 cpi=0.321790 user_ns=493091 system_ns=6025 checksum=0
PROBE_RESULT corpus=github_events corpus_bytes=65132 iters=400 mode=parse_only_serde warmup_iters=0 elapsed_s=0.091426 ns_per_byte=3.509274 mbps=2279.674 cycles=233184313 instructions=969680773 cycles_per_byte=8.950451 cpi=0.240475 user_ns=2126496 system_ns=18487 checksum=0
PROBE_RESULT corpus=update_center corpus_bytes=533178 iters=400 mode=parse_only_track1 warmup_iters=0 elapsed_s=0.399792 ns_per_byte=1.874571 mbps=4267.644 cycles=989899977 instructions=4019744778 cycles_per_byte=4.641508 cpi=0.246259 user_ns=9076827 system_ns=172890 checksum=0
PROBE_RESULT corpus=update_center corpus_bytes=533178 iters=400 mode=parse_only_track2 warmup_iters=0 elapsed_s=0.495574 ns_per_byte=2.323679 mbps=3442.816 cycles=1150855886 instructions=3249154542 cycles_per_byte=5.396209 cpi=0.354202 user_ns=11145452 system_ns=336083 checksum=0
PROBE_RESULT corpus=update_center corpus_bytes=533178 iters=400 mode=parse_only_sonic warmup_iters=0 elapsed_s=0.220270 ns_per_byte=1.032818 mbps=7745.797 cycles=518562826 instructions=1433446813 cycles_per_byte=2.431471 cpi=0.361759 user_ns=4664807 system_ns=101054 checksum=0
PROBE_RESULT corpus=update_center corpus_bytes=533178 iters=400 mode=parse_only_serde warmup_iters=0 elapsed_s=1.521412 ns_per_byte=7.133697 mbps=1121.438 cycles=3578867742 instructions=12353886215 cycles_per_byte=16.780830 cpi=0.289696 user_ns=32222179 system_ns=641768 checksum=0
PROBE_RESULT corpus=random corpus_bytes=510476 iters=400 mode=parse_only_track1 warmup_iters=0 elapsed_s=0.542866 ns_per_byte=2.658625 mbps=3009.075 cycles=1144494655 instructions=5129297441 cycles_per_byte=5.605037 cpi=0.223129 user_ns=11475883 system_ns=281465 checksum=0
PROBE_RESULT corpus=random corpus_bytes=510476 iters=400 mode=parse_only_track2 warmup_iters=0 elapsed_s=0.617834 ns_per_byte=3.025773 mbps=2643.953 cycles=1317416633 instructions=4117982825 cycles_per_byte=6.451903 cpi=0.319918 user_ns=11741523 system_ns=258906 checksum=0
PROBE_RESULT corpus=random corpus_bytes=510476 iters=400 mode=parse_only_sonic warmup_iters=0 elapsed_s=0.281667 ns_per_byte=1.379435 mbps=5799.474 cycles=678848044 instructions=2420562723 cycles_per_byte=3.324584 cpi=0.280451 user_ns=6142019 system_ns=68183 checksum=0
PROBE_RESULT corpus=random corpus_bytes=510476 iters=400 mode=parse_only_serde warmup_iters=0 elapsed_s=2.562250 ns_per_byte=12.548335 mbps=637.535 cycles=3864457100 instructions=15989185108 cycles_per_byte=18.925753 cpi=0.241692 user_ns=48912607 system_ns=1890525 checksum=0
PROBE_RESULT corpus=gsoc-2018 corpus_bytes=3327831 iters=400 mode=parse_only_track1 warmup_iters=0 elapsed_s=3.072445 ns_per_byte=2.308144 mbps=3465.988 cycles=4971998223 instructions=18255830379 cycles_per_byte=3.735164 cpi=0.272351 user_ns=57302745 system_ns=1789535 checksum=0
PROBE_RESULT corpus=gsoc-2018 corpus_bytes=3327831 iters=400 mode=parse_only_track2 warmup_iters=0 elapsed_s=3.197757 ns_per_byte=2.402283 mbps=3330.165 cycles=3188352050 instructions=9389181219 cycles_per_byte=2.395218 cpi=0.339577 user_ns=43481641 system_ns=2199201 checksum=0
PROBE_RESULT corpus=gsoc-2018 corpus_bytes=3327831 iters=400 mode=parse_only_sonic warmup_iters=0 elapsed_s=1.362807 ns_per_byte=1.023795 mbps=7814.061 cycles=1568836577 instructions=4369483677 cycles_per_byte=1.178573 cpi=0.359044 user_ns=19476434 system_ns=1029241 checksum=0
PROBE_RESULT corpus=gsoc-2018 corpus_bytes=3327831 iters=400 mode=parse_only_serde warmup_iters=0 elapsed_s=4.060465 ns_per_byte=3.050384 mbps=2622.620 cycles=6064705385 instructions=19747972470 cycles_per_byte=4.556050 cpi=0.307105 user_ns=64151444 system_ns=2641570 checksum=0
PROBE_RESULT corpus=distinct_values corpus_bytes=153630 iters=400 mode=parse_only_track1 warmup_iters=0 elapsed_s=0.120399 ns_per_byte=1.959230 mbps=4083.236 cycles=281795662 instructions=1282500418 cycles_per_byte=4.585622 cpi=0.219724 user_ns=2548853 system_ns=81043 checksum=0
PROBE_RESULT corpus=distinct_values corpus_bytes=153630 iters=400 mode=parse_only_track2 warmup_iters=0 elapsed_s=0.182234 ns_per_byte=2.965474 mbps=2697.714 cycles=444436387 instructions=1251962244 cycles_per_byte=7.232253 cpi=0.354992 user_ns=4008422 system_ns=109505 checksum=0
PROBE_RESULT corpus=distinct_values corpus_bytes=153630 iters=400 mode=parse_only_sonic warmup_iters=0 elapsed_s=0.074875 ns_per_byte=1.218437 mbps=6565.786 cycles=177590091 instructions=557482093 cycles_per_byte=2.889899 cpi=0.318557 user_ns=1585968 system_ns=59488 checksum=0
PROBE_RESULT corpus=distinct_values corpus_bytes=153630 iters=400 mode=parse_only_serde warmup_iters=0 elapsed_s=0.385701 ns_per_byte=6.276456 mbps=1274.605 cycles=1024126915 instructions=4343135670 cycles_per_byte=16.665477 cpi=0.235804 user_ns=7974379 system_ns=272133 checksum=0
PROBE_RESULT corpus=canada corpus_bytes=2251051 iters=400 mode=parse_only_track1 warmup_iters=0 elapsed_s=2.084280 ns_per_byte=2.314785 mbps=3456.044 cycles=4682549210 instructions=24337193158 cycles_per_byte=5.200403 cpi=0.192403 user_ns=44004032 system_ns=1407646 checksum=0
PROBE_RESULT corpus=canada corpus_bytes=2251051 iters=400 mode=parse_only_track2 warmup_iters=0 elapsed_s=1.823182 ns_per_byte=2.024812 mbps=3950.984 cycles=3935986177 instructions=16376330967 cycles_per_byte=4.371276 cpi=0.240346 user_ns=36887639 system_ns=715083 checksum=0
PROBE_RESULT corpus=canada corpus_bytes=2251051 iters=400 mode=parse_only_sonic warmup_iters=0 elapsed_s=1.660202 ns_per_byte=1.843807 mbps=4338.848 cycles=2469093237 instructions=10657701328 cycles_per_byte=2.742156 cpi=0.231672 user_ns=30043340 system_ns=769304 checksum=0
PROBE_RESULT corpus=canada corpus_bytes=2251051 iters=400 mode=parse_only_serde warmup_iters=0 elapsed_s=5.168505 ns_per_byte=5.740102 mbps=1393.704 cycles=8838553590 instructions=37208828934 cycles_per_byte=9.816030 cpi=0.237539 user_ns=94278584 system_ns=3402526 checksum=0
PROBE_RESULT corpus=instruments corpus_bytes=220346 iters=400 mode=parse_only_track1 warmup_iters=0 elapsed_s=0.237545 ns_per_byte=2.695141 mbps=2968.305 cycles=393556994 instructions=1764819294 cycles_per_byte=4.465216 cpi=0.223001 user_ns=4081503 system_ns=134802 checksum=0
PROBE_RESULT corpus=instruments corpus_bytes=220346 iters=400 mode=parse_only_track2 warmup_iters=0 elapsed_s=0.241466 ns_per_byte=2.739618 mbps=2920.115 cycles=394178461 instructions=1224897108 cycles_per_byte=4.472267 cpi=0.321805 user_ns=4570749 system_ns=179213 checksum=0
PROBE_RESULT corpus=instruments corpus_bytes=220346 iters=400 mode=parse_only_sonic warmup_iters=0 elapsed_s=0.185950 ns_per_byte=2.109754 mbps=3791.911 cycles=246692138 instructions=946256878 cycles_per_byte=2.798918 cpi=0.260703 user_ns=3450758 system_ns=151345 checksum=0
PROBE_RESULT corpus=instruments corpus_bytes=220346 iters=400 mode=parse_only_serde warmup_iters=0 elapsed_s=0.967536 ns_per_byte=10.977462 mbps=728.766 cycles=1192823974 instructions=4625776408 cycles_per_byte=13.533533 cpi=0.257865 user_ns=17494289 system_ns=832944 checksum=0
PROBE_RESULT corpus=apache_builds corpus_bytes=127275 iters=400 mode=parse_only_track1 warmup_iters=0 elapsed_s=0.176562 ns_per_byte=3.468127 mbps=2306.721 cycles=219795417 instructions=944244680 cycles_per_byte=4.317333 cpi=0.232774 user_ns=3356631 system_ns=174314 checksum=0
PROBE_RESULT corpus=apache_builds corpus_bytes=127275 iters=400 mode=parse_only_track2 warmup_iters=0 elapsed_s=0.182149 ns_per_byte=3.577869 mbps=2235.968 cycles=224084410 instructions=666255278 cycles_per_byte=4.401579 cpi=0.336334 user_ns=3288141 system_ns=156588 checksum=0
PROBE_RESULT corpus=apache_builds corpus_bytes=127275 iters=400 mode=parse_only_sonic warmup_iters=0 elapsed_s=0.110037 ns_per_byte=2.161403 mbps=3701.299 cycles=141647775 instructions=454941710 cycles_per_byte=2.782317 cpi=0.311354 user_ns=2084936 system_ns=81518 checksum=0
PROBE_RESULT corpus=apache_builds corpus_bytes=127275 iters=400 mode=parse_only_serde warmup_iters=0 elapsed_s=0.497316 ns_per_byte=9.768536 mbps=818.956 cycles=604591012 instructions=2393654175 cycles_per_byte=11.875683 cpi=0.252581 user_ns=9287811 system_ns=415407 checksum=0
PROBE_RESULT corpus=citm_catalog corpus_bytes=1727204 iters=400 mode=parse_only_track1 warmup_iters=0 elapsed_s=1.420540 ns_per_byte=2.056126 mbps=3890.812 cycles=2463679216 instructions=11774901366 cycles_per_byte=3.565993 cpi=0.209231 user_ns=27788138 system_ns=672204 checksum=0
PROBE_RESULT corpus=citm_catalog corpus_bytes=1727204 iters=400 mode=parse_only_track2 warmup_iters=0 elapsed_s=0.743678 ns_per_byte=1.076419 mbps=7432.051 cycles=1829642340 instructions=6032500011 cycles_per_byte=2.648272 cpi=0.303298 user_ns=16756590 system_ns=225142 checksum=0
PROBE_RESULT corpus=citm_catalog corpus_bytes=1727204 iters=400 mode=parse_only_sonic warmup_iters=0 elapsed_s=0.498079 ns_per_byte=0.720932 mbps=11096.745 cycles=1138355205 instructions=4491697866 cycles_per_byte=1.647685 cpi=0.253435 user_ns=11486808 system_ns=168812 checksum=0
PROBE_RESULT corpus=citm_catalog corpus_bytes=1727204 iters=400 mode=parse_only_serde warmup_iters=0 elapsed_s=2.230135 ns_per_byte=3.227955 mbps=2478.349 cycles=5235304753 instructions=24382919422 cycles_per_byte=7.577716 cpi=0.214712 user_ns=50608318 system_ns=853392 checksum=0
