PROBE_RESULT corpus=twitter corpus_bytes=631515 iters=400 mode=parse_only_track1 warmup_iters=0 elapsed_s=0.242038 ns_per_byte=0.958165 mbps=8349.290 cycles=373769419 instructions=1577851513 cycles_per_byte=1.479654 cpi=0.236885 user_ns=5384399 system_ns=80248 checksum=0
PROBE_RESULT corpus=twitter corpus_bytes=631515 iters=400 mode=parse_only_track2 warmup_iters=0 elapsed_s=0.443337 ns_per_byte=1.755054 mbps=4558.264 cycles=678296036 instructions=2542818379 cycles_per_byte=2.685194 cpi=0.266750 user_ns=9793886 system_ns=124095 checksum=0
PROBE_RESULT corpus=twitter corpus_bytes=631515 iters=400 mode=parse_only_sonic warmup_iters=0 elapsed_s=0.411319 ns_per_byte=1.628302 mbps=4913.095 cycles=574844615 instructions=1875089226 cycles_per_byte=2.275657 cpi=0.306569 user_ns=9081738 system_ns=126701 checksum=0
PROBE_RESULT corpus=twitter corpus_bytes=631515 iters=400 mode=parse_only_serde warmup_iters=0 elapsed_s=2.357533 ns_per_byte=9.332846 mbps=857.188 cycles=2882555177 instructions=10269733392 cycles_per_byte=11.411270 cpi=0.280685 user_ns=43655455 system_ns=779461 checksum=0
PROBE_RESULT corpus=github_events corpus_bytes=65132 iters=400 mode=parse_only_track1 warmup_iters=0 elapsed_s=0.025578 ns_per_byte=0.981766 mbps=8148.582 cycles=35315794 instructions=145268916 cycles_per_byte=1.355547 cpi=0.243106 user_ns=559015 system_ns=9028 checksum=0
PROBE_RESULT corpus=github_events corpus_bytes=65132 iters=400 mode=parse_only_track2 warmup_iters=0 elapsed_s=0.040925 ns_per_byte=1.570868 mbps=5092.727 cycles=60505375 instructions=236778133 cycles_per_byte=2.322414 cpi=0.255536 user_ns=931132 system_ns=10193 checksum=0
PROBE_RESULT corpus=github_events corpus_bytes=65132 iters=400 mode=parse_only_sonic warmup_iters=0 elapsed_s=0.041564 ns_per_byte=1.595395 mbps=5014.433 cycles=55139039 instructions=169274044 cycles_per_byte=2.116434 cpi=0.325738 user_ns=906614 system_ns=15191 checksum=0
PROBE_RESULT corpus=github_events corpus_bytes=65132 iters=400 mode=parse_only_serde warmup_iters=0 elapsed_s=0.183855 ns_per_byte=7.057017 mbps=1133.624 cycles=247820709 instructions=971475483 cycles_per_byte=9.512249 cpi=0.255097 user_ns=4119847 system_ns=61365 checksum=0
PROBE_RESULT corpus=update_center corpus_bytes=533178 iters=400 mode=parse_only_track1 warmup_iters=0 elapsed_s=0.300840 ns_per_byte=1.410600 mbps=5671.345 cycles=434693339 instructions=1461052653 cycles_per_byte=2.038219 cpi=0.297521 user_ns=6681440 system_ns=112930 checksum=0
PROBE_RESULT corpus=update_center corpus_bytes=533178 iters=400 mode=parse_only_track2 warmup_iters=0 elapsed_s=0.601209 ns_per_byte=2.818987 mbps=2837.898 cycles=851655281 instructions=2726486669 cycles_per_byte=3.993297 cpi=0.312364 user_ns=13130382 system_ns=197081 checksum=0
PROBE_RESULT corpus=update_center corpus_bytes=533178 iters=400 mode=parse_only_sonic warmup_iters=0 elapsed_s=0.362428 ns_per_byte=1.699375 mbps=4707.613 cycles=514153058 instructions=1432945997 cycles_per_byte=2.410795 cpi=0.358808 user_ns=7224633 system_ns=118243 checksum=0
PROBE_RESULT corpus=update_center corpus_bytes=533178 iters=400 mode=parse_only_serde warmup_iters=0 elapsed_s=2.563583 ns_per_byte=12.020297 mbps=665.541 cycles=3417704644 instructions=12351338633 cycles_per_byte=16.025158 cpi=0.276707 user_ns=52905557 system_ns=922460 checksum=0
PROBE_RESULT corpus=random corpus_bytes=510476 iters=400 mode=parse_only_track1 warmup_iters=0 elapsed_s=0.528012 ns_per_byte=2.585880 mbps=3093.724 cycles=605153338 instructions=2273376164 cycles_per_byte=2.963672 cpi=0.266191 user_ns=8505119 system_ns=160803 checksum=0
PROBE_RESULT corpus=random corpus_bytes=510476 iters=400 mode=parse_only_track2 warmup_iters=0 elapsed_s=0.676684 ns_per_byte=3.313986 mbps=2414.011 cycles=1019273587 instructions=3732007293 cycles_per_byte=4.991780 cpi=0.273117 user_ns=14738555 system_ns=215363 checksum=0
PROBE_RESULT corpus=random corpus_bytes=510476 iters=400 mode=parse_only_sonic warmup_iters=0 elapsed_s=0.556138 ns_per_byte=2.723623 mbps=2937.264 cycles=685332033 instructions=2427770938 cycles_per_byte=3.356338 cpi=0.282289 user_ns=11949859 system_ns=239356 checksum=0
PROBE_RESULT corpus=random corpus_bytes=510476 iters=400 mode=parse_only_serde warmup_iters=0 elapsed_s=2.733823 ns_per_byte=13.388597 mbps=597.523 cycles=3715148875 instructions=15916051900 cycles_per_byte=18.194533 cpi=0.233422 user_ns=57107311 system_ns=876701 checksum=0
PROBE_RESULT corpus=gsoc-2018 corpus_bytes=3327831 iters=400 mode=parse_only_track1 warmup_iters=0 elapsed_s=0.805935 ns_per_byte=0.605450 mbps=13213.304 cycles=1239889998 instructions=4108535891 cycles_per_byte=0.931455 cpi=0.301784 user_ns=17958989 system_ns=234041 checksum=0
PROBE_RESULT corpus=gsoc-2018 corpus_bytes=3327831 iters=400 mode=parse_only_track2 warmup_iters=0 elapsed_s=1.526493 ns_per_byte=1.146763 mbps=6976.158 cycles=1741987601 instructions=5701877981 cycles_per_byte=1.308651 cpi=0.305511 user_ns=28084236 system_ns=595464 checksum=0
PROBE_RESULT corpus=gsoc-2018 corpus_bytes=3327831 iters=400 mode=parse_only_sonic warmup_iters=0 elapsed_s=0.937793 ns_per_byte=0.704508 mbps=11355.449 cycles=1438171751 instructions=4306842046 cycles_per_byte=1.080412 cpi=0.333927 user_ns=20752053 system_ns=290274 checksum=0
PROBE_RESULT corpus=gsoc-2018 corpus_bytes=3327831 iters=400 mode=parse_only_serde warmup_iters=0 elapsed_s=3.703712 ns_per_byte=2.782377 mbps=2875.240 cycles=5478474210 instructions=19607320020 cycles_per_byte=4.115649 cpi=0.279410 user_ns=77922764 system_ns=1236019 checksum=0
PROBE_RESULT corpus=distinct_values corpus_bytes=153630 iters=400 mode=parse_only_track1 warmup_iters=0 elapsed_s=0.095363 ns_per_byte=1.551829 mbps=5155.207 cycles=136530810 instructions=532623664 cycles_per_byte=2.221747 cpi=0.256336 user_ns=1955802 system_ns=38148 checksum=0
PROBE_RESULT corpus=distinct_values corpus_bytes=153630 iters=400 mode=parse_only_track2 warmup_iters=0 elapsed_s=0.204249 ns_per_byte=3.323723 mbps=2406.940 cycles=258989799 instructions=1055074758 cycles_per_byte=4.214506 cpi=0.245471 user_ns=4102387 system_ns=58003 checksum=0
PROBE_RESULT corpus=distinct_values corpus_bytes=153630 iters=400 mode=parse_only_sonic warmup_iters=0 elapsed_s=0.152025 ns_per_byte=2.473884 mbps=3233.781 cycles=173605063 instructions=556090893 cycles_per_byte=2.825051 cpi=0.312188 user_ns=3048929 system_ns=51787 checksum=0
PROBE_RESULT corpus=distinct_values corpus_bytes=153630 iters=400 mode=parse_only_serde warmup_iters=0 elapsed_s=0.850685 ns_per_byte=13.843073 mbps=577.906 cycles=1018018748 instructions=4337731979 cycles_per_byte=16.566080 cpi=0.234689 user_ns=17838312 system_ns=349290 checksum=0
PROBE_RESULT corpus=canada corpus_bytes=2251051 iters=400 mode=parse_only_track1 warmup_iters=0 elapsed_s=2.038899 ns_per_byte=2.264385 mbps=3532.967 cycles=2151456333 instructions=12972667720 cycles_per_byte=2.389391 cpi=0.165845 user_ns=37274302 system_ns=762088 checksum=0
PROBE_RESULT corpus=canada corpus_bytes=2251051 iters=400 mode=parse_only_track2 warmup_iters=0 elapsed_s=3.028544 ns_per_byte=3.363477 mbps=2378.491 cycles=3880695000 instructions=15869772216 cycles_per_byte=4.309870 cpi=0.244534 user_ns=62975741 system_ns=1166345 checksum=0
PROBE_RESULT corpus=canada corpus_bytes=2251051 iters=400 mode=parse_only_sonic warmup_iters=0 elapsed_s=2.658108 ns_per_byte=2.952075 mbps=2709.958 cycles=2569058823 instructions=10689929978 cycles_per_byte=2.853177 cpi=0.240325 user_ns=43764800 system_ns=1819056 checksum=0
PROBE_RESULT corpus=canada corpus_bytes=2251051 iters=400 mode=parse_only_serde warmup_iters=0 elapsed_s=6.654322 ns_per_byte=7.390239 mbps=1082.509 cycles=8184717113 instructions=37077745441 cycles_per_byte=9.089884 cpi=0.220745 user_ns=136576330 system_ns=2606384 checksum=0
PROBE_RESULT corpus=instruments corpus_bytes=220346 iters=400 mode=parse_only_track1 warmup_iters=0 elapsed_s=0.155416 ns_per_byte=1.763322 mbps=4536.891 cycles=155485254 instructions=761529444 cycles_per_byte=1.764103 cpi=0.204175 user_ns=2714205 system_ns=63319 checksum=0
PROBE_RESULT corpus=instruments corpus_bytes=220346 iters=400 mode=parse_only_track2 warmup_iters=0 elapsed_s=0.256456 ns_per_byte=2.909696 mbps=2749.428 cycles=293771555 instructions=1136887234 cycles_per_byte=3.333071 cpi=0.258400 user_ns=5163523 system_ns=85931 checksum=0
PROBE_RESULT corpus=instruments corpus_bytes=220346 iters=400 mode=parse_only_sonic warmup_iters=0 elapsed_s=0.188176 ns_per_byte=2.135011 mbps=3747.053 cycles=234887998 instructions=939301332 cycles_per_byte=2.664990 cpi=0.250067 user_ns=4134606 system_ns=67520 checksum=0
PROBE_RESULT corpus=instruments corpus_bytes=220346 iters=400 mode=parse_only_serde warmup_iters=0 elapsed_s=1.061218 ns_per_byte=12.040356 mbps=664.432 cycles=1110340075 instructions=4588835390 cycles_per_byte=12.597688 cpi=0.241966 user_ns=17771459 system_ns=361829 checksum=0
PROBE_RESULT corpus=apache_builds corpus_bytes=127275 iters=400 mode=parse_only_track1 warmup_iters=0 elapsed_s=0.061958 ns_per_byte=1.217011 mbps=6573.481 cycles=94488152 instructions=346299308 cycles_per_byte=1.855984 cpi=0.272851 user_ns=1362087 system_ns=19743 checksum=0
PROBE_RESULT corpus=apache_builds corpus_bytes=127275 iters=400 mode=parse_only_track2 warmup_iters=0 elapsed_s=0.104938 ns_per_byte=2.061254 mbps=3881.132 cycles=160139535 instructions=560569417 cycles_per_byte=3.145542 cpi=0.285673 user_ns=2307890 system_ns=33965 checksum=0
PROBE_RESULT corpus=apache_builds corpus_bytes=127275 iters=400 mode=parse_only_sonic warmup_iters=0 elapsed_s=0.090090 ns_per_byte=1.769592 mbps=4520.817 cycles=137246056 instructions=451223013 cycles_per_byte=2.695857 cpi=0.304165 user_ns=1979469 system_ns=27682 checksum=0
PROBE_RESULT corpus=apache_builds corpus_bytes=127275 iters=400 mode=parse_only_serde warmup_iters=0 elapsed_s=0.403040 ns_per_byte=7.916708 mbps=1010.521 cycles=561283030 instructions=2377944304 cycles_per_byte=11.025005 cpi=0.236037 user_ns=7942003 system_ns=125330 checksum=0
PROBE_RESULT corpus=citm_catalog corpus_bytes=1727204 iters=400 mode=parse_only_track1 warmup_iters=0 elapsed_s=0.525582 ns_per_byte=0.760741 mbps=10516.060 cycles=799979114 instructions=3856212800 cycles_per_byte=1.157911 cpi=0.207452 user_ns=11503872 system_ns=151506 checksum=0
PROBE_RESULT corpus=citm_catalog corpus_bytes=1727204 iters=400 mode=parse_only_track2 warmup_iters=0 elapsed_s=0.981243 ns_per_byte=1.420277 mbps=5632.705 cycles=1544008754 instructions=5650547604 cycles_per_byte=2.234838 cpi=0.273249 user_ns=19971545 system_ns=336992 checksum=0
PROBE_RESULT corpus=citm_catalog corpus_bytes=1727204 iters=400 mode=parse_only_sonic warmup_iters=0 elapsed_s=0.600965 ns_per_byte=0.869853 mbps=9196.957 cycles=1157882720 instructions=4485911238 cycles_per_byte=1.675950 cpi=0.258115 user_ns=13866914 system_ns=111104 checksum=0
PROBE_RESULT corpus=citm_catalog corpus_bytes=1727204 iters=400 mode=parse_only_serde warmup_iters=0 elapsed_s=2.233821 ns_per_byte=3.233290 mbps=2474.260 cycles=5364438046 instructions=24329081573 cycles_per_byte=7.764627 cpi=0.220495 user_ns=51963178 system_ns=457044 checksum=0
