PROBE_RESULT corpus=twitter corpus_bytes=631515 iters=400 mode=parse_only_track1 warmup_iters=0 elapsed_s=0.273286 ns_per_byte=1.081866 mbps=7394.633 cycles=708900073 instructions=2915535583 cycles_per_byte=2.806347 cpi=0.243146 user_ns=6387529 system_ns=71929 checksum=0
PROBE_RESULT corpus=twitter corpus_bytes=631515 iters=400 mode=parse_only_track2 warmup_iters=0 elapsed_s=0.354927 ns_per_byte=1.405061 mbps=5693.704 cycles=915341430 instructions=3746348388 cycles_per_byte=3.623593 cpi=0.244329 user_ns=8374494 system_ns=65853 checksum=0
PROBE_RESULT corpus=twitter corpus_bytes=631515 iters=400 mode=parse_only_sonic warmup_iters=0 elapsed_s=0.200283 ns_per_byte=0.792869 mbps=10089.942 cycles=530530641 instructions=1871854369 cycles_per_byte=2.100230 cpi=0.283425 user_ns=4702754 system_ns=38370 checksum=0
PROBE_RESULT corpus=twitter corpus_bytes=631515 iters=400 mode=parse_only_serde warmup_iters=0 elapsed_s=0.947562 ns_per_byte=3.751147 mbps=2132.681 cycles=2140893085 instructions=10241187666 cycles_per_byte=8.475227 cpi=0.209047 user_ns=22239856 system_ns=203359 checksum=0
PROBE_RESULT corpus=github_events corpus_bytes=65132 iters=400 mode=parse_only_track1 warmup_iters=0 elapsed_s=0.035209 ns_per_byte=1.351448 mbps=5919.577 cycles=68811238 instructions=274421977 cycles_per_byte=2.641222 cpi=0.250750 user_ns=813598 system_ns=13629 checksum=0
PROBE_RESULT corpus=github_events corpus_bytes=65132 iters=400 mode=parse_only_track2 warmup_iters=0 elapsed_s=0.042062 ns_per_byte=1.614492 mbps=4955.118 cycles=85001977 instructions=349112423 cycles_per_byte=3.262681 cpi=0.243480 user_ns=989624 system_ns=9366 checksum=0
PROBE_RESULT corpus=github_events corpus_bytes=65132 iters=400 mode=parse_only_sonic warmup_iters=0 elapsed_s=0.026511 ns_per_byte=1.017605 mbps=7861.597 cycles=51607016 instructions=168971776 cycles_per_byte=1.980863 cpi=0.305418 user_ns=619143 system_ns=7251 checksum=0
PROBE_RESULT corpus=github_events corpus_bytes=65132 iters=400 mode=parse_only_serde warmup_iters=0 elapsed_s=0.094393 ns_per_byte=3.623129 mbps=2208.036 cycles=188682884 instructions=963911511 cycles_per_byte=7.242327 cpi=0.195747 user_ns=2224127 system_ns=20132 checksum=0
PROBE_RESULT corpus=update_center corpus_bytes=533178 iters=400 mode=parse_only_track1 warmup_iters=0 elapsed_s=0.400633 ns_per_byte=1.878513 mbps=4258.687 cycles=797728457 instructions=3018612802 cycles_per_byte=3.740442 cpi=0.264270 user_ns=8528928 system_ns=118546 checksum=0
PROBE_RESULT corpus=update_center corpus_bytes=533178 iters=400 mode=parse_only_track2 warmup_iters=0 elapsed_s=0.464788 ns_per_byte=2.179328 mbps=3670.856 cycles=1133299768 instructions=4119788277 cycles_per_byte=5.313890 cpi=0.275087 user_ns=10678994 system_ns=190453 checksum=0
PROBE_RESULT corpus=update_center corpus_bytes=533178 iters=400 mode=parse_only_sonic warmup_iters=0 elapsed_s=0.198997 ns_per_byte=0.933070 mbps=8573.849 cycles=506990413 instructions=1429222556 cycles_per_byte=2.377210 cpi=0.354732 user_ns=4565422 system_ns=48208 checksum=0
PROBE_RESULT corpus=update_center corpus_bytes=533178 iters=400 mode=parse_only_serde warmup_iters=0 elapsed_s=1.459993 ns_per_byte=6.845711 mbps=1168.615 cycles=3383100137 instructions=12333007732 cycles_per_byte=15.862902 cpi=0.274313 user_ns=31377543 system_ns=458921 checksum=0
PROBE_RESULT corpus=random corpus_bytes=510476 iters=400 mode=parse_only_track1 warmup_iters=0 elapsed_s=0.583611 ns_per_byte=2.858172 mbps=2798.992 cycles=1000150707 instructions=3702809974 cycles_per_byte=4.898128 cpi=0.270106 user_ns=8939311 system_ns=133515 checksum=0
PROBE_RESULT corpus=random corpus_bytes=510476 iters=400 mode=parse_only_track2 warmup_iters=0 elapsed_s=0.638059 ns_per_byte=3.124823 mbps=2560.145 cycles=1350569539 instructions=4997284213 cycles_per_byte=6.614266 cpi=0.270261 user_ns=12128887 system_ns=232811 checksum=0
PROBE_RESULT corpus=random corpus_bytes=510476 iters=400 mode=parse_only_sonic warmup_iters=0 elapsed_s=0.324254 ns_per_byte=1.588000 mbps=5037.784 cycles=686512007 instructions=2425812225 cycles_per_byte=3.362117 cpi=0.283003 user_ns=6187672 system_ns=145370 checksum=0
PROBE_RESULT corpus=random corpus_bytes=510476 iters=400 mode=parse_only_serde warmup_iters=0 elapsed_s=2.200893 ns_per_byte=10.778631 mbps=742.209 cycles=3839183887 instructions=15935787054 cycles_per_byte=18.801980 cpi=0.240916 user_ns=37515547 system_ns=885245 checksum=0
PROBE_RESULT corpus=gsoc-2018 corpus_bytes=3327831 iters=400 mode=parse_only_track1 warmup_iters=0 elapsed_s=1.393518 ns_per_byte=1.046867 mbps=7641.852 cycles=2745328715 instructions=9654720681 cycles_per_byte=2.062401 cpi=0.284351 user_ns=27443329 system_ns=476515 checksum=0
PROBE_RESULT corpus=gsoc-2018 corpus_bytes=3327831 iters=400 mode=parse_only_track2 warmup_iters=0 elapsed_s=1.330909 ns_per_byte=0.999832 mbps=8001.342 cycles=2886388352 instructions=9969568940 cycles_per_byte=2.168371 cpi=0.289520 user_ns=25899651 system_ns=601009 checksum=0
PROBE_RESULT corpus=gsoc-2018 corpus_bytes=3327831 iters=400 mode=parse_only_sonic warmup_iters=0 elapsed_s=0.585664 ns_per_byte=0.439974 mbps=18182.891 cycles=1371225464 instructions=4306872360 cycles_per_byte=1.030120 cpi=0.318381 user_ns=13473716 system_ns=208069 checksum=0
PROBE_RESULT corpus=gsoc-2018 corpus_bytes=3327831 iters=400 mode=parse_only_serde warmup_iters=0 elapsed_s=2.159694 ns_per_byte=1.622448 mbps=4930.819 cycles=4549510351 instructions=19600510697 cycles_per_byte=3.417774 cpi=0.232112 user_ns=49598764 system_ns=735686 checksum=0
PROBE_RESULT corpus=distinct_values corpus_bytes=153630 iters=400 mode=parse_only_track1 warmup_iters=0 elapsed_s=0.168468 ns_per_byte=2.741460 mbps=2918.153 cycles=354336436 instructions=1391115734 cycles_per_byte=5.766068 cpi=0.254714 user_ns=3903613 system_ns=56658 checksum=0
PROBE_RESULT corpus=distinct_values corpus_bytes=153630 iters=400 mode=parse_only_track2 warmup_iters=0 elapsed_s=0.210240 ns_per_byte=3.421207 mbps=2338.356 cycles=431704296 instructions=1805735613 cycles_per_byte=7.025065 cpi=0.239074 user_ns=4712725 system_ns=58897 checksum=0
PROBE_RESULT corpus=distinct_values corpus_bytes=153630 iters=400 mode=parse_only_sonic warmup_iters=0 elapsed_s=0.081289 ns_per_byte=1.322806 mbps=6047.749 cycles=174334983 instructions=554631936 cycles_per_byte=2.836929 cpi=0.314326 user_ns=1906819 system_ns=18010 checksum=0
PROBE_RESULT corpus=distinct_values corpus_bytes=153630 iters=400 mode=parse_only_serde warmup_iters=0 elapsed_s=0.405237 ns_per_byte=6.594363 mbps=1213.157 cycles=891421401 instructions=4332589943 cycles_per_byte=14.505979 cpi=0.205748 user_ns=9263785 system_ns=184527 checksum=0
PROBE_RESULT corpus=canada corpus_bytes=2251051 iters=400 mode=parse_only_track1 warmup_iters=0 elapsed_s=0.890791 ns_per_byte=0.989306 mbps=8086.475 cycles=2088183575 instructions=12677866154 cycles_per_byte=2.319121 cpi=0.164711 user_ns=18979403 system_ns=459413 checksum=0
PROBE_RESULT corpus=canada corpus_bytes=2251051 iters=400 mode=parse_only_track2 warmup_iters=0 elapsed_s=1.603849 ns_per_byte=1.781222 mbps=4491.298 cycles=3917395374 instructions=16350329636 cycles_per_byte=4.350629 cpi=0.239591 user_ns=36043180 system_ns=433048 checksum=0
PROBE_RESULT corpus=canada corpus_bytes=2251051 iters=400 mode=parse_only_sonic warmup_iters=0 elapsed_s=1.007283 ns_per_byte=1.118681 mbps=7151.280 cycles=2419894307 instructions=10620741921 cycles_per_byte=2.687516 cpi=0.227846 user_ns=22145597 system_ns=345520 checksum=0
PROBE_RESULT corpus=canada corpus_bytes=2251051 iters=400 mode=parse_only_serde warmup_iters=0 elapsed_s=3.352423 ns_per_byte=3.723176 mbps=2148.703 cycles=8335247099 instructions=37015079097 cycles_per_byte=9.257062 cpi=0.225185 user_ns=75435160 system_ns=1034638 checksum=0
PROBE_RESULT corpus=instruments corpus_bytes=220346 iters=400 mode=parse_only_track1 warmup_iters=0 elapsed_s=0.105799 ns_per_byte=1.200369 mbps=6664.616 cycles=272058044 instructions=1120390793 cycles_per_byte=3.086714 cpi=0.242824 user_ns=2444974 system_ns=46922 checksum=0
PROBE_RESULT corpus=instruments corpus_bytes=220346 iters=400 mode=parse_only_track2 warmup_iters=0 elapsed_s=0.157038 ns_per_byte=1.781721 mbps=4490.042 cycles=399662990 instructions=1499491863 cycles_per_byte=4.534493 cpi=0.266532 user_ns=3602202 system_ns=31189 checksum=0
PROBE_RESULT corpus=instruments corpus_bytes=220346 iters=400 mode=parse_only_sonic warmup_iters=0 elapsed_s=0.089850 ns_per_byte=1.019417 mbps=7847.626 cycles=231525932 instructions=937492329 cycles_per_byte=2.626845 cpi=0.246963 user_ns=2079677 system_ns=25528 checksum=0
PROBE_RESULT corpus=instruments corpus_bytes=220346 iters=400 mode=parse_only_serde warmup_iters=0 elapsed_s=0.413510 ns_per_byte=4.691600 mbps=1705.175 cycles=1062422836 instructions=4571892554 cycles_per_byte=12.054029 cpi=0.232381 user_ns=9584355 system_ns=81681 checksum=0
PROBE_RESULT corpus=apache_builds corpus_bytes=127275 iters=400 mode=parse_only_track1 warmup_iters=0 elapsed_s=0.055130 ns_per_byte=1.082896 mbps=7387.596 cycles=144634441 instructions=527707345 cycles_per_byte=2.840983 cpi=0.274081 user_ns=1304522 system_ns=8052 checksum=0
PROBE_RESULT corpus=apache_builds corpus_bytes=127275 iters=400 mode=parse_only_track2 warmup_iters=0 elapsed_s=0.076377 ns_per_byte=1.500232 mbps=5332.510 cycles=199524732 instructions=721217174 cycles_per_byte=3.919166 cpi=0.276650 user_ns=1807498 system_ns=8686 checksum=0
PROBE_RESULT corpus=apache_builds corpus_bytes=127275 iters=400 mode=parse_only_sonic warmup_iters=0 elapsed_s=0.055219 ns_per_byte=1.084640 mbps=7375.717 cycles=138407599 instructions=450937605 cycles_per_byte=2.718672 cpi=0.306933 user_ns=1239406 system_ns=18654 checksum=0
PROBE_RESULT corpus=apache_builds corpus_bytes=127275 iters=400 mode=parse_only_serde warmup_iters=0 elapsed_s=0.223721 ns_per_byte=4.394436 mbps=1820.484 cycles=554776305 instructions=2371399973 cycles_per_byte=10.897197 cpi=0.233945 user_ns=4964900 system_ns=64771 checksum=0
PROBE_RESULT corpus=citm_catalog corpus_bytes=1727204 iters=400 mode=parse_only_track1 warmup_iters=0 elapsed_s=0.520921 ns_per_byte=0.753994 mbps=10610.161 cycles=1192031478 instructions=5223229395 cycles_per_byte=1.725377 cpi=0.228217 user_ns=11523750 system_ns=219935 checksum=0
PROBE_RESULT corpus=citm_catalog corpus_bytes=1727204 iters=400 mode=parse_only_track2 warmup_iters=0 elapsed_s=0.940562 ns_per_byte=1.361394 mbps=5876.329 cycles=1934670969 instructions=7125089136 cycles_per_byte=2.800293 cpi=0.271529 user_ns=18830650 system_ns=369612 checksum=0
PROBE_RESULT corpus=citm_catalog corpus_bytes=1727204 iters=400 mode=parse_only_sonic warmup_iters=0 elapsed_s=0.834531 ns_per_byte=1.207922 mbps=6622.945 cycles=1195329884 instructions=4500827936 cycles_per_byte=1.730152 cpi=0.265580 user_ns=16804101 system_ns=362966 checksum=0
PROBE_RESULT corpus=citm_catalog corpus_bytes=1727204 iters=400 mode=parse_only_serde warmup_iters=0 elapsed_s=4.468641 ns_per_byte=6.468027 mbps=1236.853 cycles=5562898498 instructions=24383702541 cycles_per_byte=8.051884 cpi=0.228140 user_ns=91891760 system_ns=1727199 checksum=0
