/// AW-V.W3.2 — per-grammar Array-shape parse function,
/// **walker-tape-identical**.
///
/// Emits the same nested Seq/Seq/Repeat/Seq compound tree the
/// walker produces for the canonical JSON array rule. The
/// record tree is navigated by every downstream view derive
/// and the `tape_parity` golden fixtures; only dispatch is
/// inlined relative to the walker, not the record stream.
///
/// AX.W0a.2.f — compound; plain `#[inline]` per cross-shape
/// recursion rationale (the array ↔ value cycle).
#[inline]
#[allow(non_snake_case, clippy::too_many_arguments)]
pub fn parse_array_JsonFixture_array(
    input: &[u8],
    p: &mut usize,
    state: &mut __shape_support_JsonFixture::ScanState,
    builder: &mut crate::runtime::tape::Tape<()>,
) -> ::core::result::Result<
    crate::runtime::tape::TapeOffset,
    crate::runtime::tape::DtaError,
> {
    let span_lo = *p as u32;
    if input.get(*p).copied() != Some(b'[') {
        return Err(crate::runtime::tape::DtaError::Syntax {
            offset: *p as u32,
            failing_state: crate::runtime::tape::DtaStateId::NONE,
            failing_rule: crate::runtime::tape::DtaRuleId(u32::MAX),
        });
    }
    let outer_off = builder
        .begin_compound(
            crate::runtime::tape::TapeKind::Seq,
            span_lo,
            8u8,
            0u8,
            0u8,
            0u16,
        );
    let lbracket_open = *p as u32;
    let next_off = builder
        .begin_compound(
            crate::runtime::tape::TapeKind::Seq,
            lbracket_open,
            0,
            0u8,
            0u8,
            0u16,
        );
    *p += 1;
    let bracket_close = *p as u32;
    let _ = builder
        .push_leaf_with(
            crate::runtime::tape::TapeKind::Literal,
            lbracket_open,
            bracket_close,
            8u8,
            0,
            crate::runtime::tape::PayloadData::None,
        );
    let opt_ws_open = *p as u32;
    let opt_ws_off = builder
        .begin_compound(
            crate::runtime::tape::TapeKind::Seq,
            opt_ws_open,
            0,
            0u8,
            0u8,
            0u16,
        );
    let _ = __shape_support_JsonFixture::skip_space(input, p, state);
    let repeat_open = *p as u32;
    let repeat_off = builder
        .begin_compound(
            crate::runtime::tape::TapeKind::Rule,
            repeat_open,
            0,
            0u8,
            0u8,
            0u16,
        );
    let maybe_close = input.get(*p).copied();
    if maybe_close == Some(b']') {
        let repeat_close = *p as u32;
        builder.end_compound(repeat_off, repeat_close);
        let opt_ws_close = *p as u32;
        builder.end_compound(opt_ws_off, opt_ws_close);
        *p += 1;
        let rbracket_lo = opt_ws_close;
        let rbracket_hi = *p as u32;
        let _ = builder
            .push_leaf_with(
                crate::runtime::tape::TapeKind::Literal,
                rbracket_lo,
                rbracket_hi,
                8u8,
                0,
                crate::runtime::tape::PayloadData::None,
            );
        let next_close = rbracket_hi;
        builder.end_compound(next_off, next_close);
        let outer_close = *p as u32;
        builder.end_compound(outer_off, outer_close);
        return Ok(crate::runtime::tape::TapeOffset(outer_off));
    }
    loop {
        let iter_open = *p as u32;
        let iter_off = builder
            .begin_compound(
                crate::runtime::tape::TapeKind::Seq,
                iter_open,
                0,
                0u8,
                0u8,
                0u16,
            );
        let _value_off = ({
            let _ = __shape_support_JsonFixture::skip_space(input, p, state);
            parse_wrap_JsonFixture_value(input, p, state, builder)
        })?;
        let comma_repeat_open = *p as u32;
        let comma_repeat_off = builder
            .begin_compound(
                crate::runtime::tape::TapeKind::Rule,
                comma_repeat_open,
                0,
                0u8,
                0u8,
                0u16,
            );
        let comma_iter_save_p = *p;
        let _ = __shape_support_JsonFixture::skip_space(input, p, state);
        let has_comma = input.get(*p).copied() == Some(b',');
        if has_comma {
            let comma_iter_open = comma_iter_save_p as u32;
            let comma_iter_off = builder
                .begin_compound(
                    crate::runtime::tape::TapeKind::Seq,
                    comma_iter_open,
                    0,
                    0u8,
                    0u8,
                    0u16,
                );
            let comma_lo = *p as u32;
            *p += 1;
            let comma_hi = *p as u32;
            let _ = builder
                .push_leaf_with(
                    crate::runtime::tape::TapeKind::Literal,
                    comma_lo,
                    comma_hi,
                    8u8,
                    0,
                    crate::runtime::tape::PayloadData::None,
                );
            let _ = __shape_support_JsonFixture::skip_space(input, p, state);
            let comma_iter_close = *p as u32;
            builder.end_compound(comma_iter_off, comma_iter_close);
        } else {
            *p = comma_iter_save_p;
        }
        let comma_repeat_close = *p as u32;
        builder.end_compound(comma_repeat_off, comma_repeat_close);
        let iter_close = *p as u32;
        builder.end_compound(iter_off, iter_close);
        let is_value_start = match input.get(*p).copied() {
            Some(b'{')
            | Some(b'[')
            | Some(b'"')
            | Some(b'-')
            | Some(b'0'..=b'9')
            | Some(b't')
            | Some(b'f')
            | Some(b'n') => true,
            _ => false,
        };
        if !is_value_start {
            let repeat_close = *p as u32;
            builder.end_compound(repeat_off, repeat_close);
            let _ = __shape_support_JsonFixture::skip_space(input, p, state);
            let opt_ws_close = *p as u32;
            builder.end_compound(opt_ws_off, opt_ws_close);
            if input.get(*p).copied() != Some(b']') {
                return Err(
                    match input.get(*p).copied() {
                        None => {
                            crate::runtime::tape::DtaError::UnexpectedEnd {
                                offset: *p as u32,
                            }
                        }
                        _ => {
                            crate::runtime::tape::DtaError::Syntax {
                                offset: *p as u32,
                                failing_state: crate::runtime::tape::DtaStateId::NONE,
                                failing_rule: crate::runtime::tape::DtaRuleId(u32::MAX),
                            }
                        }
                    },
                );
            }
            *p += 1;
            let rbracket_hi = *p as u32;
            let _ = builder
                .push_leaf_with(
                    crate::runtime::tape::TapeKind::Literal,
                    opt_ws_close,
                    rbracket_hi,
                    8u8,
                    0,
                    crate::runtime::tape::PayloadData::None,
                );
            let next_close = rbracket_hi;
            builder.end_compound(next_off, next_close);
            let outer_close = *p as u32;
            builder.end_compound(outer_off, outer_close);
            return Ok(crate::runtime::tape::TapeOffset(outer_off));
        }
    }
}