/// AW-V.W3.2 — per-grammar Array-shape parse function,
/// **walker-tape-identical**.
///
/// Emits the same nested Seq/Seq/Repeat/Seq compound tree the
/// walker produces for the canonical JSON array rule. The
/// record tree is navigated by every downstream view derive
/// and the `tape_parity` golden fixtures; only dispatch is
/// inlined relative to the walker, not the record stream.
#[inline(always)]
#[allow(non_snake_case, clippy::too_many_arguments)]
pub fn parse_array_JsonFixture_array(
    input: &[u8],
    p: &mut usize,
    state: &mut __shape_support_JsonFixture::ScanState,
    builder: &mut ::bbnf::runtime::tape::TapeBuilder,
) -> ::core::result::Result<
    ::bbnf::runtime::tape::TapeOffset,
    ::bbnf::runtime::tape::DtaError,
> {
    let span_lo = *p as u32;
    if input.get(*p).copied() != Some(b'[') {
        return Err(::bbnf::runtime::tape::DtaError::Syntax {
            offset: *p as u32,
            failing_state: ::bbnf::runtime::tape::DtaStateId::NONE,
            failing_rule: ::bbnf::runtime::tape::DtaRuleId(u32::MAX),
        });
    }
    let outer_child = builder.mark_children();
    let lbracket_open = *p as u32;
    let next_child = builder.mark_children();
    *p += 1;
    let bracket_close = *p as u32;
    let _ = builder
        .push_leaf_with(
            ::bbnf::runtime::tape::TapeKind::Literal,
            lbracket_open,
            bracket_close,
            8u8,
            0,
            ::bbnf::runtime::tape::PayloadData::None,
        );
    let opt_ws_open = *p as u32;
    let opt_ws_child = builder.mark_children();
    let _ = __shape_support_JsonFixture::skip_space(input, p, state);
    let repeat_open = *p as u32;
    let repeat_child = builder.mark_children();
    let maybe_close = input.get(*p).copied();
    if maybe_close == Some(b']') {
        let repeat_close = *p as u32;
        let _repeat_off = builder
            .push_compound(
                ::bbnf::runtime::tape::TapeKind::Rule,
                repeat_child,
                repeat_open,
                repeat_close,
                0,
                0,
            );
        let opt_ws_close = *p as u32;
        let _opt_ws_off = builder
            .push_compound(
                ::bbnf::runtime::tape::TapeKind::Seq,
                opt_ws_child,
                opt_ws_open,
                opt_ws_close,
                0,
                0,
            );
        let next_close = *p as u32;
        let _next_off = builder
            .push_compound(
                ::bbnf::runtime::tape::TapeKind::Seq,
                next_child,
                lbracket_open,
                next_close,
                0,
                0,
            );
        *p += 1;
        let rbracket_lo = next_close;
        let rbracket_hi = *p as u32;
        let _ = builder
            .push_leaf_with(
                ::bbnf::runtime::tape::TapeKind::Literal,
                rbracket_lo,
                rbracket_hi,
                8u8,
                0,
                ::bbnf::runtime::tape::PayloadData::None,
            );
        let outer_close = *p as u32;
        let outer_off = builder
            .push_compound(
                ::bbnf::runtime::tape::TapeKind::Seq,
                outer_child,
                span_lo,
                outer_close,
                8u8,
                0,
            );
        return Ok(outer_off);
    }
    loop {
        let iter_open = *p as u32;
        let iter_child = builder.mark_children();
        let _value_off = parse_JsonFixture_value__value(input, p, state, builder)?;
        let comma_repeat_open = *p as u32;
        let comma_repeat_child = builder.mark_children();
        let comma_iter_save_p = *p;
        let _ = __shape_support_JsonFixture::skip_space(input, p, state);
        let has_comma = input.get(*p).copied() == Some(b',');
        if has_comma {
            let comma_iter_open = comma_iter_save_p as u32;
            let comma_iter_child = builder.mark_children();
            let comma_lo = *p as u32;
            *p += 1;
            let comma_hi = *p as u32;
            let _ = builder
                .push_leaf_with(
                    ::bbnf::runtime::tape::TapeKind::Literal,
                    comma_lo,
                    comma_hi,
                    8u8,
                    0,
                    ::bbnf::runtime::tape::PayloadData::None,
                );
            let _ = __shape_support_JsonFixture::skip_space(input, p, state);
            let comma_iter_close = *p as u32;
            let _ = builder
                .push_compound(
                    ::bbnf::runtime::tape::TapeKind::Seq,
                    comma_iter_child,
                    comma_iter_open,
                    comma_iter_close,
                    0,
                    0,
                );
        } else {
            *p = comma_iter_save_p;
        }
        let comma_repeat_close = *p as u32;
        let _ = builder
            .push_compound(
                ::bbnf::runtime::tape::TapeKind::Rule,
                comma_repeat_child,
                comma_repeat_open,
                comma_repeat_close,
                0,
                0,
            );
        let iter_close = *p as u32;
        let _ = builder
            .push_compound(
                ::bbnf::runtime::tape::TapeKind::Seq,
                iter_child,
                iter_open,
                iter_close,
                0,
                0,
            );
        let is_value_start = match input.get(*p).copied() {
            Some(b'{')
            | Some(b'[')
            | Some(b'"')
            | Some(b'-')
            | Some(b'0'..=b'9')
            | Some(b't')
            | Some(b'f')
            | Some(b'n') => true,
            _ => false,
        };
        if !is_value_start {
            let repeat_close = *p as u32;
            let _ = builder
                .push_compound(
                    ::bbnf::runtime::tape::TapeKind::Rule,
                    repeat_child,
                    repeat_open,
                    repeat_close,
                    0,
                    0,
                );
            let _ = __shape_support_JsonFixture::skip_space(input, p, state);
            let opt_ws_close = *p as u32;
            let _ = builder
                .push_compound(
                    ::bbnf::runtime::tape::TapeKind::Seq,
                    opt_ws_child,
                    opt_ws_open,
                    opt_ws_close,
                    0,
                    0,
                );
            if input.get(*p).copied() != Some(b']') {
                return Err(
                    match input.get(*p).copied() {
                        None => {
                            ::bbnf::runtime::tape::DtaError::UnexpectedEnd {
                                offset: *p as u32,
                            }
                        }
                        _ => {
                            ::bbnf::runtime::tape::DtaError::Syntax {
                                offset: *p as u32,
                                failing_state: ::bbnf::runtime::tape::DtaStateId::NONE,
                                failing_rule: ::bbnf::runtime::tape::DtaRuleId(u32::MAX),
                            }
                        }
                    },
                );
            }
            let next_close = *p as u32;
            let _ = builder
                .push_compound(
                    ::bbnf::runtime::tape::TapeKind::Seq,
                    next_child,
                    lbracket_open,
                    next_close,
                    0,
                    0,
                );
            *p += 1;
            let rbracket_hi = *p as u32;
            let _ = builder
                .push_leaf_with(
                    ::bbnf::runtime::tape::TapeKind::Literal,
                    next_close,
                    rbracket_hi,
                    8u8,
                    0,
                    ::bbnf::runtime::tape::PayloadData::None,
                );
            let outer_close = *p as u32;
            let outer_off = builder
                .push_compound(
                    ::bbnf::runtime::tape::TapeKind::Seq,
                    outer_child,
                    span_lo,
                    outer_close,
                    8u8,
                    0,
                );
            return Ok(outer_off);
        }
    }
}