/// AZ-I.W2.RB — per-grammar Array-shape parse function,
/// **struct-direct body** (Shape 1 — wrapped homogeneous repeat).
#[inline]
#[allow(non_snake_case, clippy::too_many_arguments)]
pub fn parse_array_JsonFixture_array<'p>(
    input: &'p [u8],
    p: &mut usize,
    state: &mut __shape_support_JsonFixture::ScanState,
    builder: &mut crate::runtime::json::JsonStructBuilder<'p>,
) -> ::core::result::Result<(), crate::runtime::tape::DtaError> {
    use crate::runtime::builder::StructBuilder;
    if input.get(*p).copied() != Some(b'[') {
        return Err(crate::runtime::tape::DtaError::Syntax {
            offset: *p as u32,
            failing_state: crate::runtime::tape::DtaStateId::NONE,
            failing_rule: crate::runtime::tape::DtaRuleId(u32::MAX),
        });
    }
    let __layout: ::bbnf_ir::registry::StructLayout = ::bbnf_ir::registry::StructLayout {
        rule_id: 8u32 as ::bbnf_ir::RuleId,
        rule_name: ::std::string::String::from("array"),
        kind: ::bbnf_ir::registry::LayoutKind::Struct,
        rule_type: ::bbnf_ir::TypeDesc::Span,
        fields: ::std::vec::Vec::new(),
    };
    let __array_checkpoint = builder.checkpoint();
    let __handle = builder.begin_compound(&__layout);
    let __array_result: ::core::result::Result<(), crate::runtime::tape::DtaError> = (|| {
        *p += 1;
        let _ = __shape_support_JsonFixture::skip_space(input, p, state);
        if input.get(*p).copied() == Some(b']') {
            *p += 1;
            return Ok(());
        }
        loop {
            ({
                let _ = __shape_support_JsonFixture::skip_space(input, p, state);
                parse_wrap_JsonFixture_value(input, p, state, builder)
            })?;
            let _ = __shape_support_JsonFixture::skip_space(input, p, state);
            match input.get(*p).copied() {
                Some(b',') => {
                    *p += 1;
                    let _ = __shape_support_JsonFixture::skip_space(input, p, state);
                }
                Some(b']') => {
                    *p += 1;
                    return Ok(());
                }
                _ => {
                    return Err(crate::runtime::tape::DtaError::Syntax {
                        offset: *p as u32,
                        failing_state: crate::runtime::tape::DtaStateId::NONE,
                        failing_rule: crate::runtime::tape::DtaRuleId(u32::MAX),
                    });
                }
            }
        }
    })();
    match __array_result {
        Ok(()) => {
            builder.end_compound(__handle);
            Ok(())
        }
        Err(__err) => {
            builder.rollback(__array_checkpoint);
            Err(__err)
        }
    }
}