/// AZ-I.W2.RD — struct-direct Keyword-shape parse fn
/// (Alt of literal-led, Ref-led, or Seq-led branches).
///
/// Literal branches push leaves through
/// `builder.push_leaf_with_bool` (TypeDesc::Bool) or
/// `builder.push_leaf_with_unit` (TypeDesc::U8 /
/// untyped). Ref branches delegate to the target shape
/// fn so the target writes directly into the same
/// builder. Returns unit for StructDirect composition.
#[inline(always)]
#[allow(non_snake_case, clippy::too_many_arguments)]
pub fn parse_keyword_JsonFixture_bool<'p>(
    input: &'p [u8],
    p: &mut usize,
    first_byte: u8,
    state: &mut __shape_support_JsonFixture::ScanState,
    builder: &mut crate::runtime::json::JsonStructBuilder<'p>,
) -> ::core::result::Result<(), crate::runtime::tape::DtaError> {
    use crate::runtime::builder::StructBuilder as _;
    let _ = state;
    match first_byte {
        102u8 => {
            if input.len() >= *p + 5usize
                && input[*p..*p + 5usize] == [102u8, 97u8, 108u8, 115u8, 101u8]
            {
                let at = *p;
                let end = at + 5usize;
                *p = end;
                builder.push_leaf_with_bool(false);
                return ::core::result::Result::Ok(());
            }
            return ::core::result::Result::Err(crate::runtime::tape::DtaError::Syntax {
                offset: *p as u32,
                failing_state: crate::runtime::tape::DtaStateId::NONE,
                failing_rule: crate::runtime::tape::DtaRuleId(u32::MAX),
            });
        }
        116u8 => {
            if input.len() >= *p + 4usize
                && input[*p..*p + 4usize] == [116u8, 114u8, 117u8, 101u8]
            {
                let at = *p;
                let end = at + 4usize;
                *p = end;
                builder.push_leaf_with_bool(true);
                return ::core::result::Result::Ok(());
            }
            return ::core::result::Result::Err(crate::runtime::tape::DtaError::Syntax {
                offset: *p as u32,
                failing_state: crate::runtime::tape::DtaStateId::NONE,
                failing_rule: crate::runtime::tape::DtaRuleId(u32::MAX),
            });
        }
        _ => {
            ::core::result::Result::Err(crate::runtime::tape::DtaError::Syntax {
                offset: *p as u32,
                failing_state: crate::runtime::tape::DtaStateId::NONE,
                failing_rule: crate::runtime::tape::DtaRuleId(u32::MAX),
            })
        }
    }
}