/// AW-V.W3.2 — per-grammar Keyword-shape parse function
/// (Alt of literal-led or Ref-led branches).
///
/// AX.W0a.2.g — admits Ref-led branches whose target
/// resolves to a literal-prefix body (per `leading_
/// literal_bytes`). For each first-byte group, each
/// candidate's full prefix is checked before committing:
/// Literal branches emit the legacy leaf push;
/// Ref branches delegate to the target's shape fn via
/// [`emit_ref_call_tape`], threading `state` through.
#[inline(always)]
#[allow(non_snake_case, clippy::too_many_arguments)]
pub fn parse_keyword_JsonFixture_bool(
    input: &[u8],
    p: &mut usize,
    first_byte: u8,
    state: &mut __shape_support_JsonFixture::ScanState,
    builder: &mut ::bbnf::runtime::tape::TapeBuilder,
) -> ::core::result::Result<
    ::bbnf::runtime::tape::TapeOffset,
    ::bbnf::runtime::tape::DtaError,
> {
    let _ = state;
    match first_byte {
        102u8 => {
            if input.len() >= *p + 5usize
                && input[*p..*p + 5usize] == [102u8, 97u8, 108u8, 115u8, 101u8]
            {
                let at = *p;
                let end = at + 5usize;
                *p = end;
                let off = builder
                    .push_leaf_with(
                        ::bbnf::runtime::tape::TapeKind::Span,
                        at as u32,
                        end as u32,
                        1u8,
                        0u8,
                        ::bbnf::runtime::tape::PayloadData::Aggregate(&[(0u32) as u8]),
                    );
                return Ok(off);
            }
            return Err(::bbnf::runtime::tape::DtaError::Syntax {
                offset: *p as u32,
                failing_state: ::bbnf::runtime::tape::DtaStateId::NONE,
                failing_rule: ::bbnf::runtime::tape::DtaRuleId(u32::MAX),
            });
        }
        116u8 => {
            if input.len() >= *p + 4usize
                && input[*p..*p + 4usize] == [116u8, 114u8, 117u8, 101u8]
            {
                let at = *p;
                let end = at + 4usize;
                *p = end;
                let off = builder
                    .push_leaf_with(
                        ::bbnf::runtime::tape::TapeKind::Span,
                        at as u32,
                        end as u32,
                        1u8,
                        0u8,
                        ::bbnf::runtime::tape::PayloadData::Aggregate(&[(1u32) as u8]),
                    );
                return Ok(off);
            }
            return Err(::bbnf::runtime::tape::DtaError::Syntax {
                offset: *p as u32,
                failing_state: ::bbnf::runtime::tape::DtaStateId::NONE,
                failing_rule: ::bbnf::runtime::tape::DtaRuleId(u32::MAX),
            });
        }
        _ => {
            Err(::bbnf::runtime::tape::DtaError::Syntax {
                offset: *p as u32,
                failing_state: ::bbnf::runtime::tape::DtaStateId::NONE,
                failing_rule: ::bbnf::runtime::tape::DtaRuleId(u32::MAX),
            })
        }
    }
}
