/// AW-V.W3.2 — per-grammar Number-shape parse function.
///
/// Mirrors `json_prototype::number::parse_number_body`.
/// `first_byte` is the byte the dispatcher already matched;
/// passing it avoids a redundant re-read for the sign check.
#[inline(always)]
#[allow(non_snake_case, clippy::too_many_arguments)]
pub fn parse_number_JsonFixture_number(
    input: &[u8],
    p: &mut usize,
    first_byte: u8,
    builder: &mut crate::runtime::tape::Tape<()>,
) -> ::core::result::Result<
    crate::runtime::tape::TapeOffset,
    crate::runtime::tape::DtaError,
> {
    const POW10_U64: [u64; 17] = [
        1, 10, 100, 1_000, 10_000, 100_000, 1_000_000, 10_000_000, 100_000_000,
        1_000_000_000, 10_000_000_000, 100_000_000_000, 1_000_000_000_000,
        10_000_000_000_000, 100_000_000_000_000, 1_000_000_000_000_000,
        10_000_000_000_000_000,
    ];
    let _ = POW10_U64;
    let start = *p;
    let len = input.len();
    let negative = first_byte == b'-';
    if negative {
        *p += 1;
    }
    let int_start = *p;
    let mut mantissa: u64 = 0;
    let mut many_digits = false;
    while *p < len {
        let b = input[*p];
        if b.is_ascii_digit() {
            mantissa = mantissa.wrapping_mul(10).wrapping_add((b - b'0') as u64);
            *p += 1;
        } else {
            break;
        }
    }
    if *p == int_start {
        return Err(crate::runtime::tape::DtaError::Syntax {
            offset: start as u32,
            failing_state: crate::runtime::tape::DtaStateId::NONE,
            failing_rule: crate::runtime::tape::DtaRuleId(u32::MAX),
        });
    }
    let int_digit_count = *p - int_start;
    if int_digit_count > 19 {
        many_digits = true;
    }
    let mut fractional_digit_count: i64 = 0;
    if input.get(*p) == Some(&b'.') {
        *p += 1;
        let frac_start = *p;
        while *p < len {
            let b = input[*p];
            if b.is_ascii_digit() {
                mantissa = mantissa.wrapping_mul(10).wrapping_add((b - b'0') as u64);
                *p += 1;
            } else {
                break;
            }
        }
        fractional_digit_count = (*p - frac_start) as i64;
        if fractional_digit_count == 0 {
            return Err(crate::runtime::tape::DtaError::Syntax {
                offset: start as u32,
                failing_state: crate::runtime::tape::DtaStateId::NONE,
                failing_rule: crate::runtime::tape::DtaRuleId(u32::MAX),
            });
        }
        if int_digit_count as i64 + fractional_digit_count > 19 {
            many_digits = true;
        }
    }
    let mut exponent: i64 = -fractional_digit_count;
    let exp_byte = input.get(*p).copied();
    if exp_byte == Some(b'e') || exp_byte == Some(b'E') {
        *p += 1;
        let exp_negative = match input.get(*p) {
            Some(b'+') => {
                *p += 1;
                false
            }
            Some(b'-') => {
                *p += 1;
                true
            }
            _ => false,
        };
        let exp_start = *p;
        let mut exp_val: i64 = 0;
        while *p < len {
            let b = input[*p];
            if b.is_ascii_digit() {
                exp_val = exp_val.saturating_mul(10).saturating_add((b - b'0') as i64);
                *p += 1;
            } else {
                break;
            }
        }
        if *p == exp_start {
            return Err(crate::runtime::tape::DtaError::Syntax {
                offset: start as u32,
                failing_state: crate::runtime::tape::DtaStateId::NONE,
                failing_rule: crate::runtime::tape::DtaRuleId(u32::MAX),
            });
        }
        exponent += if exp_negative { -exp_val } else { exp_val };
    }
    let end = *p;
    let bytes = &input[start..end];
    let value = if many_digits {
        parse_number_fallback(bytes)
    } else {
        match ::parse_that::parsers::eisel_lemire::compute_f64(
            exponent,
            mantissa,
            negative,
        ) {
            Some(v) => v,
            None => parse_number_fallback(bytes),
        }
    };
    let off = builder
        .push_leaf_with_f64_direct(
            crate::runtime::tape::TapeKind::Span,
            start as u32,
            end as u32,
            2u8,
            value.to_bits(),
        );
    Ok(off)
}