/// AW-V.W3.2 — per-grammar Object-shape parse function,
/// **walker-tape-identical**.
#[inline(always)]
#[allow(non_snake_case, clippy::too_many_arguments)]
pub fn parse_object_JsonFixture_object(
    input: &[u8],
    p: &mut usize,
    state: &mut __shape_support_JsonFixture::ScanState,
    builder: &mut ::bbnf::runtime::tape::TapeBuilder,
) -> ::core::result::Result<
    ::bbnf::runtime::tape::TapeOffset,
    ::bbnf::runtime::tape::DtaError,
> {
    let span_lo = *p as u32;
    if input.get(*p).copied() != Some(b'{') {
        return Err(::bbnf::runtime::tape::DtaError::Syntax {
            offset: *p as u32,
            failing_state: ::bbnf::runtime::tape::DtaStateId::NONE,
            failing_rule: ::bbnf::runtime::tape::DtaRuleId(u32::MAX),
        });
    }
    let outer_child = builder.mark_children();
    let lbrace_open = *p as u32;
    let next_child = builder.mark_children();
    *p += 1;
    let brace_close = *p as u32;
    let _ = builder
        .push_leaf_with(
            ::bbnf::runtime::tape::TapeKind::Literal,
            lbrace_open,
            brace_close,
            9u8,
            0,
            ::bbnf::runtime::tape::PayloadData::None,
        );
    let opt_ws_open = *p as u32;
    let opt_ws_child = builder.mark_children();
    let _ = __shape_support_JsonFixture::skip_space(input, p, state);
    let repeat_open = *p as u32;
    let repeat_child = builder.mark_children();
    if input.get(*p).copied() == Some(b'}') {
        let repeat_close = *p as u32;
        let _ = builder
            .push_compound(
                ::bbnf::runtime::tape::TapeKind::Rule,
                repeat_child,
                repeat_open,
                repeat_close,
                0,
                0,
            );
        let opt_ws_close = *p as u32;
        let _ = builder
            .push_compound(
                ::bbnf::runtime::tape::TapeKind::Seq,
                opt_ws_child,
                opt_ws_open,
                opt_ws_close,
                0,
                0,
            );
        let next_close = *p as u32;
        let _ = builder
            .push_compound(
                ::bbnf::runtime::tape::TapeKind::Seq,
                next_child,
                lbrace_open,
                next_close,
                0,
                0,
            );
        *p += 1;
        let rbrace_hi = *p as u32;
        let _ = builder
            .push_leaf_with(
                ::bbnf::runtime::tape::TapeKind::Literal,
                next_close,
                rbrace_hi,
                9u8,
                0,
                ::bbnf::runtime::tape::PayloadData::None,
            );
        let outer_close = *p as u32;
        let outer_off = builder
            .push_compound(
                ::bbnf::runtime::tape::TapeKind::Seq,
                outer_child,
                span_lo,
                outer_close,
                9u8,
                0,
            );
        return Ok(outer_off);
    }
    loop {
        let iter_open = *p as u32;
        let iter_child = builder.mark_children();
        let pair_open = *p as u32;
        let pair_child = builder.mark_children();
        if input.get(*p).copied() != Some(b'"') {
            return Err(::bbnf::runtime::tape::DtaError::Syntax {
                offset: *p as u32,
                failing_state: ::bbnf::runtime::tape::DtaStateId::NONE,
                failing_rule: ::bbnf::runtime::tape::DtaRuleId(u32::MAX),
            });
        }
        let _key_off = parse_string_JsonFixture_string(input, p, state, builder)?;
        let colon_next_open = *p as u32;
        let colon_next_child = builder.mark_children();
        let opt_colon_open = *p as u32;
        let opt_colon_child = builder.mark_children();
        let _ = __shape_support_JsonFixture::skip_space(input, p, state);
        if input.get(*p).copied() != Some(b':') {
            return Err(::bbnf::runtime::tape::DtaError::Syntax {
                offset: *p as u32,
                failing_state: ::bbnf::runtime::tape::DtaStateId::NONE,
                failing_rule: ::bbnf::runtime::tape::DtaRuleId(u32::MAX),
            });
        }
        let colon_lo = *p as u32;
        *p += 1;
        let colon_hi = *p as u32;
        let _ = builder
            .push_leaf_with(
                ::bbnf::runtime::tape::TapeKind::Literal,
                colon_lo,
                colon_hi,
                7u8,
                0,
                ::bbnf::runtime::tape::PayloadData::None,
            );
        let _ = __shape_support_JsonFixture::skip_space(input, p, state);
        let opt_colon_close = *p as u32;
        let _ = builder
            .push_compound(
                ::bbnf::runtime::tape::TapeKind::Seq,
                opt_colon_child,
                opt_colon_open,
                opt_colon_close,
                0,
                0,
            );
        let _value_off = parse_JsonFixture_value__value(input, p, state, builder)?;
        let colon_next_close = *p as u32;
        let _ = builder
            .push_compound(
                ::bbnf::runtime::tape::TapeKind::Seq,
                colon_next_child,
                colon_next_open,
                colon_next_close,
                0,
                0,
            );
        let pair_close = *p as u32;
        let _ = builder
            .push_compound(
                ::bbnf::runtime::tape::TapeKind::Seq,
                pair_child,
                pair_open,
                pair_close,
                7u8,
                0,
            );
        let comma_repeat_open = *p as u32;
        let comma_repeat_child = builder.mark_children();
        let comma_iter_save_p = *p;
        let _ = __shape_support_JsonFixture::skip_space(input, p, state);
        let has_comma = input.get(*p).copied() == Some(b',');
        if has_comma {
            let comma_iter_open = comma_iter_save_p as u32;
            let comma_iter_child = builder.mark_children();
            let comma_lo = *p as u32;
            *p += 1;
            let comma_hi = *p as u32;
            let _ = builder
                .push_leaf_with(
                    ::bbnf::runtime::tape::TapeKind::Literal,
                    comma_lo,
                    comma_hi,
                    9u8,
                    0,
                    ::bbnf::runtime::tape::PayloadData::None,
                );
            let _ = __shape_support_JsonFixture::skip_space(input, p, state);
            let comma_iter_close = *p as u32;
            let _ = builder
                .push_compound(
                    ::bbnf::runtime::tape::TapeKind::Seq,
                    comma_iter_child,
                    comma_iter_open,
                    comma_iter_close,
                    0,
                    0,
                );
        } else {
            *p = comma_iter_save_p;
        }
        let comma_repeat_close = *p as u32;
        let _ = builder
            .push_compound(
                ::bbnf::runtime::tape::TapeKind::Rule,
                comma_repeat_child,
                comma_repeat_open,
                comma_repeat_close,
                0,
                0,
            );
        let iter_close = *p as u32;
        let _ = builder
            .push_compound(
                ::bbnf::runtime::tape::TapeKind::Seq,
                iter_child,
                iter_open,
                iter_close,
                0,
                0,
            );
        let is_pair_start = input.get(*p).copied() == Some(b'"');
        if !is_pair_start {
            let repeat_close = *p as u32;
            let _ = builder
                .push_compound(
                    ::bbnf::runtime::tape::TapeKind::Rule,
                    repeat_child,
                    repeat_open,
                    repeat_close,
                    0,
                    0,
                );
            let _ = __shape_support_JsonFixture::skip_space(input, p, state);
            let opt_ws_close = *p as u32;
            let _ = builder
                .push_compound(
                    ::bbnf::runtime::tape::TapeKind::Seq,
                    opt_ws_child,
                    opt_ws_open,
                    opt_ws_close,
                    0,
                    0,
                );
            if input.get(*p).copied() != Some(b'}') {
                return Err(
                    match input.get(*p).copied() {
                        None => {
                            ::bbnf::runtime::tape::DtaError::UnexpectedEnd {
                                offset: *p as u32,
                            }
                        }
                        _ => {
                            ::bbnf::runtime::tape::DtaError::Syntax {
                                offset: *p as u32,
                                failing_state: ::bbnf::runtime::tape::DtaStateId::NONE,
                                failing_rule: ::bbnf::runtime::tape::DtaRuleId(u32::MAX),
                            }
                        }
                    },
                );
            }
            let next_close = *p as u32;
            let _ = builder
                .push_compound(
                    ::bbnf::runtime::tape::TapeKind::Seq,
                    next_child,
                    lbrace_open,
                    next_close,
                    0,
                    0,
                );
            *p += 1;
            let rbrace_hi = *p as u32;
            let _ = builder
                .push_leaf_with(
                    ::bbnf::runtime::tape::TapeKind::Literal,
                    next_close,
                    rbrace_hi,
                    9u8,
                    0,
                    ::bbnf::runtime::tape::PayloadData::None,
                );
            let outer_close = *p as u32;
            let outer_off = builder
                .push_compound(
                    ::bbnf::runtime::tape::TapeKind::Seq,
                    outer_child,
                    span_lo,
                    outer_close,
                    9u8,
                    0,
                );
            let _ = 5u8;
            return Ok(outer_off);
        }
    }
}