/// AW-V.W3.2 — per-grammar Object-shape parse function,
/// **walker-tape-identical**.
///
/// AX.W0a.2.f — compound; plain `#[inline]` per cross-shape
/// recursion rationale (object → value → object).
#[inline]
#[allow(non_snake_case, clippy::too_many_arguments)]
pub fn parse_object_JsonFixture_object(
    input: &[u8],
    p: &mut usize,
    state: &mut __shape_support_JsonFixture::ScanState,
    builder: &mut ::bbnf::runtime::tape::FusedBuilder,
) -> ::core::result::Result<
    ::bbnf::runtime::tape::TapeOffset,
    ::bbnf::runtime::tape::DtaError,
> {
    let span_lo = *p as u32;
    if input.get(*p).copied() != Some(b'{') {
        return Err(::bbnf::runtime::tape::DtaError::Syntax {
            offset: *p as u32,
            failing_state: ::bbnf::runtime::tape::DtaStateId::NONE,
            failing_rule: ::bbnf::runtime::tape::DtaRuleId(u32::MAX),
        });
    }
    let outer_off = builder
        .begin_compound(
            ::bbnf::runtime::tape::TapeKind::Seq,
            span_lo,
            9u8,
            0u8,
            0u8,
            0u16,
        );
    let lbrace_open = *p as u32;
    let next_off = builder
        .begin_compound(
            ::bbnf::runtime::tape::TapeKind::Seq,
            lbrace_open,
            0,
            0u8,
            0u8,
            0u16,
        );
    *p += 1;
    let brace_close = *p as u32;
    let _ = builder
        .push_leaf_with(
            ::bbnf::runtime::tape::TapeKind::Literal,
            lbrace_open,
            brace_close,
            9u8,
            0,
            ::bbnf::runtime::tape::PayloadData::None,
        );
    let opt_ws_open = *p as u32;
    let opt_ws_off = builder
        .begin_compound(
            ::bbnf::runtime::tape::TapeKind::Seq,
            opt_ws_open,
            0,
            0u8,
            0u8,
            0u16,
        );
    let _ = __shape_support_JsonFixture::skip_space(input, p, state);
    let repeat_open = *p as u32;
    let repeat_off = builder
        .begin_compound(
            ::bbnf::runtime::tape::TapeKind::Rule,
            repeat_open,
            0,
            0u8,
            0u8,
            0u16,
        );
    if input.get(*p).copied() == Some(b'}') {
        let repeat_close = *p as u32;
        builder.end_compound(repeat_off, repeat_close);
        let opt_ws_close = *p as u32;
        builder.end_compound(opt_ws_off, opt_ws_close);
        *p += 1;
        let rbrace_hi = *p as u32;
        let _ = builder
            .push_leaf_with(
                ::bbnf::runtime::tape::TapeKind::Literal,
                opt_ws_close,
                rbrace_hi,
                9u8,
                0,
                ::bbnf::runtime::tape::PayloadData::None,
            );
        let next_close = rbrace_hi;
        builder.end_compound(next_off, next_close);
        let outer_close = *p as u32;
        builder.end_compound(outer_off, outer_close);
        return Ok(::bbnf::runtime::tape::TapeOffset(outer_off));
    }
    loop {
        let iter_open = *p as u32;
        let iter_off = builder
            .begin_compound(
                ::bbnf::runtime::tape::TapeKind::Seq,
                iter_open,
                0,
                0u8,
                0u8,
                0u16,
            );
        let pair_open = *p as u32;
        let pair_off = builder
            .begin_compound(
                ::bbnf::runtime::tape::TapeKind::Seq,
                pair_open,
                7u8,
                0u8,
                0u8,
                0u16,
            );
        if input.get(*p).copied() != Some(b'"') {
            return Err(::bbnf::runtime::tape::DtaError::Syntax {
                offset: *p as u32,
                failing_state: ::bbnf::runtime::tape::DtaStateId::NONE,
                failing_rule: ::bbnf::runtime::tape::DtaRuleId(u32::MAX),
            });
        }
        let _key_off = parse_string_JsonFixture_string(input, p, state, builder)?;
        let colon_next_open = *p as u32;
        let colon_next_off = builder
            .begin_compound(
                ::bbnf::runtime::tape::TapeKind::Seq,
                colon_next_open,
                0,
                0u8,
                0u8,
                0u16,
            );
        let opt_colon_open = *p as u32;
        let opt_colon_off = builder
            .begin_compound(
                ::bbnf::runtime::tape::TapeKind::Seq,
                opt_colon_open,
                0,
                0u8,
                0u8,
                0u16,
            );
        let _ = __shape_support_JsonFixture::skip_space(input, p, state);
        if input.get(*p).copied() != Some(b':') {
            return Err(::bbnf::runtime::tape::DtaError::Syntax {
                offset: *p as u32,
                failing_state: ::bbnf::runtime::tape::DtaStateId::NONE,
                failing_rule: ::bbnf::runtime::tape::DtaRuleId(u32::MAX),
            });
        }
        let colon_lo = *p as u32;
        *p += 1;
        let colon_hi = *p as u32;
        let _ = builder
            .push_leaf_with(
                ::bbnf::runtime::tape::TapeKind::Literal,
                colon_lo,
                colon_hi,
                7u8,
                0,
                ::bbnf::runtime::tape::PayloadData::None,
            );
        let _ = __shape_support_JsonFixture::skip_space(input, p, state);
        let opt_colon_close = *p as u32;
        builder.end_compound(opt_colon_off, opt_colon_close);
        let _value_off = ({
            let _ = __shape_support_JsonFixture::skip_space(input, p, state);
            parse_wrap_JsonFixture_value(input, p, state, builder)
        })?;
        let colon_next_close = *p as u32;
        builder.end_compound(colon_next_off, colon_next_close);
        let pair_close = *p as u32;
        builder.end_compound(pair_off, pair_close);
        let comma_repeat_open = *p as u32;
        let comma_repeat_off = builder
            .begin_compound(
                ::bbnf::runtime::tape::TapeKind::Rule,
                comma_repeat_open,
                0,
                0u8,
                0u8,
                0u16,
            );
        let comma_iter_save_p = *p;
        let _ = __shape_support_JsonFixture::skip_space(input, p, state);
        let has_comma = input.get(*p).copied() == Some(b',');
        if has_comma {
            let comma_iter_open = comma_iter_save_p as u32;
            let comma_iter_off = builder
                .begin_compound(
                    ::bbnf::runtime::tape::TapeKind::Seq,
                    comma_iter_open,
                    0,
                    0u8,
                    0u8,
                    0u16,
                );
            let comma_lo = *p as u32;
            *p += 1;
            let comma_hi = *p as u32;
            let _ = builder
                .push_leaf_with(
                    ::bbnf::runtime::tape::TapeKind::Literal,
                    comma_lo,
                    comma_hi,
                    9u8,
                    0,
                    ::bbnf::runtime::tape::PayloadData::None,
                );
            let _ = __shape_support_JsonFixture::skip_space(input, p, state);
            let comma_iter_close = *p as u32;
            builder.end_compound(comma_iter_off, comma_iter_close);
        } else {
            *p = comma_iter_save_p;
        }
        let comma_repeat_close = *p as u32;
        builder.end_compound(comma_repeat_off, comma_repeat_close);
        let iter_close = *p as u32;
        builder.end_compound(iter_off, iter_close);
        let is_pair_start = input.get(*p).copied() == Some(b'"');
        if !is_pair_start {
            let repeat_close = *p as u32;
            builder.end_compound(repeat_off, repeat_close);
            let _ = __shape_support_JsonFixture::skip_space(input, p, state);
            let opt_ws_close = *p as u32;
            builder.end_compound(opt_ws_off, opt_ws_close);
            if input.get(*p).copied() != Some(b'}') {
                return Err(
                    match input.get(*p).copied() {
                        None => {
                            ::bbnf::runtime::tape::DtaError::UnexpectedEnd {
                                offset: *p as u32,
                            }
                        }
                        _ => {
                            ::bbnf::runtime::tape::DtaError::Syntax {
                                offset: *p as u32,
                                failing_state: ::bbnf::runtime::tape::DtaStateId::NONE,
                                failing_rule: ::bbnf::runtime::tape::DtaRuleId(u32::MAX),
                            }
                        }
                    },
                );
            }
            *p += 1;
            let rbrace_hi = *p as u32;
            let _ = builder
                .push_leaf_with(
                    ::bbnf::runtime::tape::TapeKind::Literal,
                    opt_ws_close,
                    rbrace_hi,
                    9u8,
                    0,
                    ::bbnf::runtime::tape::PayloadData::None,
                );
            let next_close = rbrace_hi;
            builder.end_compound(next_off, next_close);
            let outer_close = *p as u32;
            builder.end_compound(outer_off, outer_close);
            let _ = 5u8;
            return Ok(::bbnf::runtime::tape::TapeOffset(outer_off));
        }
    }
}