/// AZ-I.W2.RC — per-grammar Scalar-shape parse
/// function (single-literal body, struct-direct
/// substrate). The literal's bytes select the
/// matching `builder.push_leaf_with_*` call at
/// codegen time; structural separators emit no
/// builder call.
#[inline(always)]
#[allow(non_snake_case, clippy::too_many_arguments, unused_variables)]
pub fn parse_scalar_JsonFixture_comma<'p>(
    input: &'p [u8],
    p: &mut usize,
    _state: &mut __shape_support_JsonFixture::ScanState,
    builder: &mut crate::runtime::json::JsonStructBuilder<'p>,
) -> ::core::result::Result<(), crate::runtime::tape::DtaError> {
    use crate::runtime::builder::StructBuilder as _;
    let at = *p;
    let end = at + 1usize;
    if input.len() < end || input[at..end] != [44u8] {
        return Err(crate::runtime::tape::DtaError::Syntax {
            offset: at as u32,
            failing_state: crate::runtime::tape::DtaStateId::NONE,
            failing_rule: crate::runtime::tape::DtaRuleId(u32::MAX),
        });
    }
    *p = end;
    Ok(())
}