/// AW-V.W3.2 — per-grammar Scalar-shape parse function.
#[inline(always)]
#[allow(non_snake_case, clippy::too_many_arguments)]
pub fn parse_scalar_JsonFixture_comma(
    input: &[u8],
    p: &mut usize,
    _state: &mut __shape_support_JsonFixture::ScanState,
    builder: &mut ::bbnf::runtime::tape::TapeBuilder,
) -> ::core::result::Result<
    ::bbnf::runtime::tape::TapeOffset,
    ::bbnf::runtime::tape::DtaError,
> {
    let at = *p;
    let end = at + 1usize;
    if input.len() < end || input[at..end] != [44u8] {
        return Err(::bbnf::runtime::tape::DtaError::Syntax {
            offset: at as u32,
            failing_state: ::bbnf::runtime::tape::DtaStateId::NONE,
            failing_rule: ::bbnf::runtime::tape::DtaRuleId(u32::MAX),
        });
    }
    *p = end;
    let off = builder
        .push_leaf(
            ::bbnf::runtime::tape::TapeKind::Literal,
            at as u32,
            end as u32,
            3u8,
            0,
        );
    Ok(off)
}
