/// AZ-I.W2.RC — per-grammar String-shape parse function
/// (struct-direct substrate).
///
/// `"` must NOT be consumed by the caller — this
/// function reads it, scans for the closing quote, and
/// pushes a `&'p str` leaf via the builder. The borrow
/// path slices the input directly; the cold escape
/// path decodes into the builder's arena and emits
/// the decoded bytes via the same `push_leaf_with_str`
/// surface.
#[inline(always)]
#[allow(non_snake_case, clippy::too_many_arguments, unused_variables)]
pub fn parse_string_JsonFixture_string<'p>(
    input: &'p [u8],
    p: &mut usize,
    _state: &mut __shape_support_JsonFixture::ScanState,
    builder: &mut crate::runtime::json::JsonStructBuilder<'p>,
) -> ::core::result::Result<(), crate::runtime::tape::DtaError> {
    use crate::runtime::builder::StructBuilder as _;
    let open = *p;
    if input.get(open).copied() != Some(b'"') {
        return Err(crate::runtime::tape::DtaError::Syntax {
            offset: open as u32,
            failing_state: crate::runtime::tape::DtaStateId::NONE,
            failing_rule: crate::runtime::tape::DtaRuleId(u32::MAX),
        });
    }
    let body_start = open + 1;
    let tail = match input.get(body_start..) {
        Some(t) => t,
        None => {
            return Err(crate::runtime::tape::DtaError::UnexpectedEnd {
                offset: open as u32,
            });
        }
    };
    match __shape_support_JsonFixture::first_quote_or_backslash(tail) {
        Some((off, b'"')) => {
            let end = body_start + off;
            *p = end + 1;
            let body: &'p str = unsafe {
                ::core::str::from_utf8_unchecked(&input[body_start..end])
            };
            builder.push_leaf_with_str(body);
            Ok(())
        }
        Some((_off, b'\\')) => {
            let mut buf: Vec<u8> = Vec::with_capacity(
                input.len().saturating_sub(open + 1),
            );
            match ::parse_that::parsers::scan::decode_json_string_to_arena(
                input,
                open,
                &mut buf,
            ) {
                Some(
                    (::parse_that::parsers::scan::StringPayload::Owned { .. }, end_pos),
                ) => {
                    *p = end_pos;
                    let bytes: Box<[u8]> = buf.into_boxed_slice();
                    let leaked: &'static [u8] = Box::leak(bytes);
                    let leaked_str: &'static str = unsafe {
                        ::core::str::from_utf8_unchecked(leaked)
                    };
                    builder.push_leaf_with_str(leaked_str);
                    Ok(())
                }
                Some(
                    (
                        ::parse_that::parsers::scan::StringPayload::Borrowed {
                            start,
                            end,
                        },
                        end_pos,
                    ),
                ) => {
                    *p = end_pos;
                    let body: &'p str = unsafe {
                        ::core::str::from_utf8_unchecked(
                            &input[start as usize..end as usize],
                        )
                    };
                    builder.push_leaf_with_str(body);
                    Ok(())
                }
                None => {
                    Err(crate::runtime::tape::DtaError::Syntax {
                        offset: open as u32,
                        failing_state: crate::runtime::tape::DtaStateId::NONE,
                        failing_rule: crate::runtime::tape::DtaRuleId(u32::MAX),
                    })
                }
            }
        }
        Some(_) => unreachable!(),
        None => {
            Err(crate::runtime::tape::DtaError::UnexpectedEnd {
                offset: open as u32,
            })
        }
    }
}